Archive member included to satisfy reference by file (symbol)

/usr/lib/gcc/arm-none-eabi/6.3.1/../../../arm-none-eabi/lib/thumb/v7-m/libc.a(lib_a-atexit.o)
                              /usr/lib/gcc/arm-none-eabi/6.3.1/../../../arm-none-eabi/lib/thumb/v7-m/crt0.o (atexit)
/usr/lib/gcc/arm-none-eabi/6.3.1/../../../arm-none-eabi/lib/thumb/v7-m/libc.a(lib_a-exit.o)
                              /usr/lib/gcc/arm-none-eabi/6.3.1/../../../arm-none-eabi/lib/thumb/v7-m/crt0.o (exit)
/usr/lib/gcc/arm-none-eabi/6.3.1/../../../arm-none-eabi/lib/thumb/v7-m/libc.a(lib_a-fini.o)
                              /usr/lib/gcc/arm-none-eabi/6.3.1/../../../arm-none-eabi/lib/thumb/v7-m/crt0.o (__libc_fini_array)
/usr/lib/gcc/arm-none-eabi/6.3.1/../../../arm-none-eabi/lib/thumb/v7-m/libc.a(lib_a-impure.o)
                              /usr/lib/gcc/arm-none-eabi/6.3.1/../../../arm-none-eabi/lib/thumb/v7-m/libc.a(lib_a-exit.o) (_global_impure_ptr)
/usr/lib/gcc/arm-none-eabi/6.3.1/../../../arm-none-eabi/lib/thumb/v7-m/libc.a(lib_a-init.o)
                              /usr/lib/gcc/arm-none-eabi/6.3.1/../../../arm-none-eabi/lib/thumb/v7-m/crt0.o (__libc_init_array)
/usr/lib/gcc/arm-none-eabi/6.3.1/../../../arm-none-eabi/lib/thumb/v7-m/libc.a(lib_a-memset.o)
                              /usr/lib/gcc/arm-none-eabi/6.3.1/../../../arm-none-eabi/lib/thumb/v7-m/crt0.o (memset)
/usr/lib/gcc/arm-none-eabi/6.3.1/../../../arm-none-eabi/lib/thumb/v7-m/libc.a(lib_a-__atexit.o)
                              /usr/lib/gcc/arm-none-eabi/6.3.1/../../../arm-none-eabi/lib/thumb/v7-m/libc.a(lib_a-atexit.o) (__register_exitproc)
/usr/lib/gcc/arm-none-eabi/6.3.1/../../../arm-none-eabi/lib/thumb/v7-m/libc.a(lib_a-__call_atexit.o)
                              /usr/lib/gcc/arm-none-eabi/6.3.1/../../../arm-none-eabi/lib/thumb/v7-m/libc.a(lib_a-exit.o) (__call_exitprocs)
/usr/lib/gcc/arm-none-eabi/6.3.1/../../../arm-none-eabi/lib/thumb/v7-m/libnosys.a(_exit.o)
                              /usr/lib/gcc/arm-none-eabi/6.3.1/../../../arm-none-eabi/lib/thumb/v7-m/libc.a(lib_a-exit.o) (_exit)

Allocating common symbols
Common symbol       size              file

motorCurrent        0x20              build/main.o
htim4               0x48              build/main.o
canTx               0x8               build/can_setup.o
rxMsg               0x1c              build/can_setup.o
hcan                0x28              build/can_setup.o
uwTick              0x4               build/stm32f1xx_hal.o
stageState          0x1               build/main.o
pFlash              0x20              build/stm32f1xx_hal_flash.o
hadc1               0x30              build/main.o
te                  0xa               build/can_setup.o
txMsg               0x18              build/can_setup.o
canMailbox          0x4               build/can_setup.o
hdma_adc1           0x44              build/main.o
stageNextState      0x1               build/main.o
data                0x28              build/can_setup.o
event               0x28              build/can_setup.o
txMsgExt            0x18              build/can_setup.o
txCycle             0x4               build/can_setup.o
window              0x28              build/main.o
canRx               0x8               build/can_setup.o

Discarded input sections

 .text          0x0000000000000000        0x0 /usr/lib/gcc/arm-none-eabi/6.3.1/thumb/v7-m/crti.o
 .data          0x0000000000000000        0x0 /usr/lib/gcc/arm-none-eabi/6.3.1/thumb/v7-m/crti.o
 .bss           0x0000000000000000        0x0 /usr/lib/gcc/arm-none-eabi/6.3.1/thumb/v7-m/crti.o
 .data          0x0000000000000000        0x4 /usr/lib/gcc/arm-none-eabi/6.3.1/thumb/v7-m/crtbegin.o
 .text          0x0000000000000000       0x68 /usr/lib/gcc/arm-none-eabi/6.3.1/../../../arm-none-eabi/lib/thumb/v7-m/crt0.o
 .data          0x0000000000000000        0x0 /usr/lib/gcc/arm-none-eabi/6.3.1/../../../arm-none-eabi/lib/thumb/v7-m/crt0.o
 .bss           0x0000000000000000        0x0 /usr/lib/gcc/arm-none-eabi/6.3.1/../../../arm-none-eabi/lib/thumb/v7-m/crt0.o
 .ARM.extab     0x0000000000000000        0x0 /usr/lib/gcc/arm-none-eabi/6.3.1/../../../arm-none-eabi/lib/thumb/v7-m/crt0.o
 .ARM.exidx     0x0000000000000000        0x8 /usr/lib/gcc/arm-none-eabi/6.3.1/../../../arm-none-eabi/lib/thumb/v7-m/crt0.o
 .debug_line    0x0000000000000000       0x7e /usr/lib/gcc/arm-none-eabi/6.3.1/../../../arm-none-eabi/lib/thumb/v7-m/crt0.o
 .debug_info    0x0000000000000000       0xa3 /usr/lib/gcc/arm-none-eabi/6.3.1/../../../arm-none-eabi/lib/thumb/v7-m/crt0.o
 .debug_abbrev  0x0000000000000000       0x14 /usr/lib/gcc/arm-none-eabi/6.3.1/../../../arm-none-eabi/lib/thumb/v7-m/crt0.o
 .debug_aranges
                0x0000000000000000       0x20 /usr/lib/gcc/arm-none-eabi/6.3.1/../../../arm-none-eabi/lib/thumb/v7-m/crt0.o
 .ARM.attributes
                0x0000000000000000       0x1b /usr/lib/gcc/arm-none-eabi/6.3.1/../../../arm-none-eabi/lib/thumb/v7-m/crt0.o
 .text          0x0000000000000000        0x0 build/can_setup.o
[...]
Memory Configuration

Name             Origin             Length             Attributes
RAM              0x0000000020000000 0x0000000000005000 xrw
FLASH            0x0000000008000000 0x0000000000010000 xr
*default*        0x0000000000000000 0xffffffffffffffff

Linker script and memory map

LOAD /usr/lib/gcc/arm-none-eabi/6.3.1/thumb/v7-m/crti.o
LOAD /usr/lib/gcc/arm-none-eabi/6.3.1/thumb/v7-m/crtbegin.o
LOAD /usr/lib/gcc/arm-none-eabi/6.3.1/../../../arm-none-eabi/lib/thumb/v7-m/crt0.o
LOAD build/can_setup.o
LOAD build/encoder.o
LOAD build/main.o
LOAD build/stm32f1xx_hal_msp.o
LOAD build/stm32f1xx_it.o
LOAD build/system_stm32f1xx.o
LOAD build/window.o
LOAD build/stm32f1xx_hal.o
LOAD build/stm32f1xx_hal_adc.o
LOAD build/stm32f1xx_hal_adc_ex.o
LOAD build/stm32f1xx_hal_can.o
LOAD build/stm32f1xx_hal_cortex.o
LOAD build/stm32f1xx_hal_dma.o
LOAD build/stm32f1xx_hal_exti.o
LOAD build/stm32f1xx_hal_flash.o
LOAD build/stm32f1xx_hal_flash_ex.o
LOAD build/stm32f1xx_hal_gpio.o
LOAD build/stm32f1xx_hal_gpio_ex.o
LOAD build/stm32f1xx_hal_pwr.o
LOAD build/stm32f1xx_hal_rcc.o
LOAD build/stm32f1xx_hal_rcc_ex.o
LOAD build/stm32f1xx_hal_tim.o
LOAD build/stm32f1xx_hal_tim_ex.o
LOAD build/startup_stm32f103xb.o
LOAD /usr/lib/gcc/arm-none-eabi/6.3.1/../../../arm-none-eabi/lib/thumb/v7-m/libc.a
LOAD /usr/lib/gcc/arm-none-eabi/6.3.1/../../../arm-none-eabi/lib/thumb/v7-m/libm.a
LOAD /usr/lib/gcc/arm-none-eabi/6.3.1/../../../arm-none-eabi/lib/thumb/v7-m/libnosys.a
START GROUP
LOAD /usr/lib/gcc/arm-none-eabi/6.3.1/thumb/v7-m/libgcc.a
LOAD /usr/lib/gcc/arm-none-eabi/6.3.1/../../../arm-none-eabi/lib/thumb/v7-m/libc.a
END GROUP
START GROUP
LOAD /usr/lib/gcc/arm-none-eabi/6.3.1/thumb/v7-m/libgcc.a
LOAD /usr/lib/gcc/arm-none-eabi/6.3.1/../../../arm-none-eabi/lib/thumb/v7-m/libc.a
LOAD /usr/lib/gcc/arm-none-eabi/6.3.1/../../../arm-none-eabi/lib/thumb/v7-m/libnosys.a
END GROUP
LOAD /usr/lib/gcc/arm-none-eabi/6.3.1/thumb/v7-m/crtend.o
LOAD /usr/lib/gcc/arm-none-eabi/6.3.1/thumb/v7-m/crtn.o
                0x0000000020005000                _estack = 0x20005000
                0x0000000000000200                _Min_Heap_Size = 0x200
                0x0000000000000400                _Min_Stack_Size = 0x400

.isr_vector     0x0000000008000000      0x10c
                0x0000000008000000                . = ALIGN (0x4)
 *(.isr_vector)
 .isr_vector    0x0000000008000000      0x10c build/startup_stm32f103xb.o
                0x0000000008000000                g_pfnVectors
                0x000000000800010c                . = ALIGN (0x4)

.text           0x000000000800010c     0x2aac
                0x000000000800010c                . = ALIGN (0x4)
 *(.text)
 .text          0x000000000800010c       0xa4 /usr/lib/gcc/arm-none-eabi/6.3.1/thumb/v7-m/crtbegin.o
 .text          0x00000000080001b0        0xc /usr/lib/gcc/arm-none-eabi/6.3.1/../../../arm-none-eabi/lib/thumb/v7-m/libc.a(lib_a-atexit.o)
                0x00000000080001b0                atexit
 .text          0x00000000080001bc       0x34 /usr/lib/gcc/arm-none-eabi/6.3.1/../../../arm-none-eabi/lib/thumb/v7-m/libc.a(lib_a-fini.o)
                0x00000000080001bc                __libc_fini_array
 .text          0x00000000080001f0       0x50 /usr/lib/gcc/arm-none-eabi/6.3.1/../../../arm-none-eabi/lib/thumb/v7-m/libc.a(lib_a-init.o)
                0x00000000080001f0                __libc_init_array
 .text          0x0000000008000240       0x9c /usr/lib/gcc/arm-none-eabi/6.3.1/../../../arm-none-eabi/lib/thumb/v7-m/libc.a(lib_a-memset.o)
                0x0000000008000240                memset
 .text          0x00000000080002dc       0xac /usr/lib/gcc/arm-none-eabi/6.3.1/../../../arm-none-eabi/lib/thumb/v7-m/libc.a(lib_a-__atexit.o)
                0x00000000080002dc                __register_exitproc
 *(.text*)
 .text.HAL_CAN_RxFifo0MsgPendingCallback
                0x0000000008000388       0x34 build/can_setup.o
                0x0000000008000388                HAL_CAN_RxFifo0MsgPendingCallback
 .text.canSettings
                0x00000000080003bc       0x7c build/can_setup.o
                0x00000000080003bc                canSettings
 .text.getEvent
                0x0000000008000438       0x2c build/encoder.o
                0x0000000008000438                getEvent
 .text.getData  0x0000000008000464       0x30 build/encoder.o
                0x0000000008000464                getData
 .text.MX_GPIO_Init
                0x0000000008000494       0xdc build/main.o
 .text.MX_DMA_Init
                0x0000000008000570       0x34 build/main.o
 .text.Error_Handler
                0x00000000080005a4        0x4 build/main.o
                0x00000000080005a4                Error_Handler
 .text.MX_ADC1_Init
                0x00000000080005a8      0x11c build/main.o
 .text.MX_CAN_Init
                0x00000000080006c4       0x40 build/main.o
 .text.MX_TIM4_Init
                0x0000000008000704       0x68 build/main.o
 .text.SystemClock_Config
                0x000000000800076c       0x84 build/main.o
                0x000000000800076c                SystemClock_Config
 .text.main     0x00000000080007f0       0x40 build/main.o
                0x00000000080007f0                main
 .text.HAL_MspInit
                0x0000000008000830       0x44 build/stm32f1xx_hal_msp.o
                0x0000000008000830                HAL_MspInit
 .text.HAL_ADC_MspInit
                0x0000000008000874       0xa0 build/stm32f1xx_hal_msp.o
                0x0000000008000874                HAL_ADC_MspInit
 .text.HAL_CAN_MspInit
                0x0000000008000914       0x9c build/stm32f1xx_hal_msp.o
                0x0000000008000914                HAL_CAN_MspInit
 .text.HAL_TIM_Base_MspInit
                0x00000000080009b0       0x40 build/stm32f1xx_hal_msp.o
                0x00000000080009b0                HAL_TIM_Base_MspInit
 .text.NMI_Handler
                0x00000000080009f0        0x2 build/stm32f1xx_it.o
                0x00000000080009f0                NMI_Handler
 .text.HardFault_Handler
                0x00000000080009f2        0x2 build/stm32f1xx_it.o
                0x00000000080009f2                HardFault_Handler
 .text.MemManage_Handler
                0x00000000080009f4        0x2 build/stm32f1xx_it.o
                0x00000000080009f4                MemManage_Handler
 .text.BusFault_Handler
                0x00000000080009f6        0x2 build/stm32f1xx_it.o
                0x00000000080009f6                BusFault_Handler
 .text.UsageFault_Handler
                0x00000000080009f8        0x2 build/stm32f1xx_it.o
                0x00000000080009f8                UsageFault_Handler
 .text.SVC_Handler
                0x00000000080009fa        0x2 build/stm32f1xx_it.o
                0x00000000080009fa                SVC_Handler
 .text.DebugMon_Handler
                0x00000000080009fc        0x2 build/stm32f1xx_it.o
                0x00000000080009fc                DebugMon_Handler
 .text.PendSV_Handler
                0x00000000080009fe        0x2 build/stm32f1xx_it.o
                0x00000000080009fe                PendSV_Handler
 .text.SysTick_Handler
                0x0000000008000a00        0x8 build/stm32f1xx_it.o
                0x0000000008000a00                SysTick_Handler
 .text.DMA1_Channel1_IRQHandler
                0x0000000008000a08       0x10 build/stm32f1xx_it.o
                0x0000000008000a08                DMA1_Channel1_IRQHandler
 .text.USB_LP_CAN1_RX0_IRQHandler
                0x0000000008000a18       0x10 build/stm32f1xx_it.o
                0x0000000008000a18                USB_LP_CAN1_RX0_IRQHandler
 .text.TIM4_IRQHandler
                0x0000000008000a28       0x10 build/stm32f1xx_it.o
                0x0000000008000a28                TIM4_IRQHandler
 .text.SystemInit
                0x0000000008000a38        0x2 build/system_stm32f1xx.o
                0x0000000008000a38                SystemInit
 *fill*         0x0000000008000a3a        0x2 
 .text.windowInit
                0x0000000008000a3c       0x74 build/window.o
                0x0000000008000a3c                windowInit
 .text.stateHandler
                0x0000000008000ab0       0xf4 build/window.o
                0x0000000008000ab0                stateHandler
 .text.motorHandler
                0x0000000008000ba4      0x184 build/window.o
                0x0000000008000ba4                motorHandler
 .text.eventHandler
                0x0000000008000d28       0xf4 build/window.o
                0x0000000008000d28                eventHandler
 .text.staging  0x0000000008000e1c       0xec build/window.o
                0x0000000008000e1c                staging
 .text.windowHandler
                0x0000000008000f08       0x30 build/window.o
                0x0000000008000f08                windowHandler
 .text.HAL_InitTick
                0x0000000008000f38       0x4c build/stm32f1xx_hal.o
                0x0000000008000f38                HAL_InitTick
 .text.HAL_Init
                0x0000000008000f84       0x24 build/stm32f1xx_hal.o
                0x0000000008000f84                HAL_Init
 .text.HAL_IncTick
                0x0000000008000fa8       0x18 build/stm32f1xx_hal.o
                0x0000000008000fa8                HAL_IncTick
 .text.HAL_GetTick
                0x0000000008000fc0        0xc build/stm32f1xx_hal.o
                0x0000000008000fc0                HAL_GetTick
 .text.HAL_ADC_ConvCpltCallback
                0x0000000008000fcc        0x2 build/stm32f1xx_hal_adc.o
                0x0000000008000fcc                HAL_ADC_ConvCpltCallback
 .text.ADC_DMAConvCplt
                0x0000000008000fce       0x52 build/stm32f1xx_hal_adc.o
                0x0000000008000fce                ADC_DMAConvCplt
 .text.HAL_ADC_ConvHalfCpltCallback
                0x0000000008001020        0x2 build/stm32f1xx_hal_adc.o
                0x0000000008001020                HAL_ADC_ConvHalfCpltCallback
 .text.ADC_DMAHalfConvCplt
                0x0000000008001022        0xa build/stm32f1xx_hal_adc.o
                0x0000000008001022                ADC_DMAHalfConvCplt
 .text.HAL_ADC_ErrorCallback
                0x000000000800102c        0x2 build/stm32f1xx_hal_adc.o
                0x000000000800102c                HAL_ADC_ErrorCallback
 .text.ADC_DMAError
                0x000000000800102e       0x1a build/stm32f1xx_hal_adc.o
                0x000000000800102e                ADC_DMAError
 .text.HAL_ADC_ConfigChannel
                0x0000000008001048      0x138 build/stm32f1xx_hal_adc.o
                0x0000000008001048                HAL_ADC_ConfigChannel
 .text.ADC_Enable
                0x0000000008001180       0x80 build/stm32f1xx_hal_adc.o
                0x0000000008001180                ADC_Enable
 .text.HAL_ADC_Start_DMA
                0x0000000008001200      0x130 build/stm32f1xx_hal_adc.o
                0x0000000008001200                HAL_ADC_Start_DMA
 .text.ADC_ConversionStop_Disable
                0x0000000008001330       0x4c build/stm32f1xx_hal_adc.o
                0x0000000008001330                ADC_ConversionStop_Disable
 .text.HAL_ADC_Init
                0x000000000800137c      0x110 build/stm32f1xx_hal_adc.o
                0x000000000800137c                HAL_ADC_Init
 .text.HAL_CAN_Init
                0x000000000800148c      0x14c build/stm32f1xx_hal_can.o
                0x000000000800148c                HAL_CAN_Init
 .text.HAL_CAN_ConfigFilter
                0x00000000080015d8       0xfc build/stm32f1xx_hal_can.o
                0x00000000080015d8                HAL_CAN_ConfigFilter
 .text.HAL_CAN_Start
                0x00000000080016d4       0x5c build/stm32f1xx_hal_can.o
                0x00000000080016d4                HAL_CAN_Start
 .text.HAL_CAN_GetRxMessage
                0x0000000008001730      0x134 build/stm32f1xx_hal_can.o
                0x0000000008001730                HAL_CAN_GetRxMessage
 .text.HAL_CAN_ActivateNotification
                0x0000000008001864       0x24 build/stm32f1xx_hal_can.o
                0x0000000008001864                HAL_CAN_ActivateNotification
 .text.HAL_CAN_TxMailbox0CompleteCallback
                0x0000000008001888        0x2 build/stm32f1xx_hal_can.o
                0x0000000008001888                HAL_CAN_TxMailbox0CompleteCallback
 .text.HAL_CAN_TxMailbox1CompleteCallback
                0x000000000800188a        0x2 build/stm32f1xx_hal_can.o
                0x000000000800188a                HAL_CAN_TxMailbox1CompleteCallback
 .text.HAL_CAN_TxMailbox2CompleteCallback
                0x000000000800188c        0x2 build/stm32f1xx_hal_can.o
                0x000000000800188c                HAL_CAN_TxMailbox2CompleteCallback
 .text.HAL_CAN_TxMailbox0AbortCallback
                0x000000000800188e        0x2 build/stm32f1xx_hal_can.o
                0x000000000800188e                HAL_CAN_TxMailbox0AbortCallback
 .text.HAL_CAN_TxMailbox1AbortCallback
                0x0000000008001890        0x2 build/stm32f1xx_hal_can.o
                0x0000000008001890                HAL_CAN_TxMailbox1AbortCallback
 .text.HAL_CAN_TxMailbox2AbortCallback
                0x0000000008001892        0x2 build/stm32f1xx_hal_can.o
                0x0000000008001892                HAL_CAN_TxMailbox2AbortCallback
 .text.HAL_CAN_RxFifo0FullCallback
                0x0000000008001894        0x2 build/stm32f1xx_hal_can.o
                0x0000000008001894                HAL_CAN_RxFifo0FullCallback
 .text.HAL_CAN_RxFifo1MsgPendingCallback
                0x0000000008001896        0x2 build/stm32f1xx_hal_can.o
                0x0000000008001896                HAL_CAN_RxFifo1MsgPendingCallback
 .text.HAL_CAN_RxFifo1FullCallback
                0x0000000008001898        0x2 build/stm32f1xx_hal_can.o
                0x0000000008001898                HAL_CAN_RxFifo1FullCallback
 .text.HAL_CAN_SleepCallback
                0x000000000800189a        0x2 build/stm32f1xx_hal_can.o
                0x000000000800189a                HAL_CAN_SleepCallback
 .text.HAL_CAN_WakeUpFromRxMsgCallback
                0x000000000800189c        0x2 build/stm32f1xx_hal_can.o
                0x000000000800189c                HAL_CAN_WakeUpFromRxMsgCallback
 .text.HAL_CAN_ErrorCallback
                0x000000000800189e        0x2 build/stm32f1xx_hal_can.o
                0x000000000800189e                HAL_CAN_ErrorCallback
 .text.HAL_CAN_IRQHandler
                0x00000000080018a0      0x258 build/stm32f1xx_hal_can.o
                0x00000000080018a0                HAL_CAN_IRQHandler
 .text.HAL_NVIC_SetPriorityGrouping
                0x0000000008001af8       0x24 build/stm32f1xx_hal_cortex.o
                0x0000000008001af8                HAL_NVIC_SetPriorityGrouping
 .text.HAL_NVIC_SetPriority
                0x0000000008001b1c       0x64 build/stm32f1xx_hal_cortex.o
                0x0000000008001b1c                HAL_NVIC_SetPriority
 .text.HAL_NVIC_EnableIRQ
                0x0000000008001b80       0x1c build/stm32f1xx_hal_cortex.o
                0x0000000008001b80                HAL_NVIC_EnableIRQ
 .text.HAL_SYSTICK_Config
                0x0000000008001b9c       0x2c build/stm32f1xx_hal_cortex.o
                0x0000000008001b9c                HAL_SYSTICK_Config
 .text.DMA_SetConfig
                0x0000000008001bc8       0x2c build/stm32f1xx_hal_dma.o
 .text.HAL_DMA_Init
                0x0000000008001bf4       0x6c build/stm32f1xx_hal_dma.o
                0x0000000008001bf4                HAL_DMA_Init
 .text.HAL_DMA_Start_IT
                0x0000000008001c60       0x74 build/stm32f1xx_hal_dma.o
                0x0000000008001c60                HAL_DMA_Start_IT
 .text.HAL_DMA_IRQHandler
                0x0000000008001cd4      0x144 build/stm32f1xx_hal_dma.o
                0x0000000008001cd4                HAL_DMA_IRQHandler
 .text.HAL_GPIO_Init
                0x0000000008001e18      0x1f0 build/stm32f1xx_hal_gpio.o
                0x0000000008001e18                HAL_GPIO_Init
 .text.HAL_GPIO_WritePin
                0x0000000008002008        0xc build/stm32f1xx_hal_gpio.o
                0x0000000008002008                HAL_GPIO_WritePin
 .text.RCC_Delay
                0x0000000008002014       0x2c build/stm32f1xx_hal_rcc.o
 .text.HAL_RCC_OscConfig
                0x0000000008002040      0x410 build/stm32f1xx_hal_rcc.o
                0x0000000008002040                HAL_RCC_OscConfig
 .text.HAL_RCC_GetSysClockFreq
                0x0000000008002450       0x6c build/stm32f1xx_hal_rcc.o
                0x0000000008002450                HAL_RCC_GetSysClockFreq
 .text.HAL_RCC_ClockConfig
                0x00000000080024bc      0x168 build/stm32f1xx_hal_rcc.o
                0x00000000080024bc                HAL_RCC_ClockConfig
 .text.HAL_RCCEx_PeriphCLKConfig
                0x0000000008002624      0x114 build/stm32f1xx_hal_rcc_ex.o
                0x0000000008002624                HAL_RCCEx_PeriphCLKConfig
 .text.TIM_TI1_ConfigInputStage
                0x0000000008002738       0x24 build/stm32f1xx_hal_tim.o
 .text.TIM_TI2_ConfigInputStage
                0x000000000800275c       0x26 build/stm32f1xx_hal_tim.o
 .text.HAL_TIM_PeriodElapsedCallback
                0x0000000008002782        0x2 build/stm32f1xx_hal_tim.o
                0x0000000008002782                HAL_TIM_PeriodElapsedCallback
 .text.HAL_TIM_OC_DelayElapsedCallback
                0x0000000008002784        0x2 build/stm32f1xx_hal_tim.o
                0x0000000008002784                HAL_TIM_OC_DelayElapsedCallback
 .text.HAL_TIM_IC_CaptureCallback
                0x0000000008002786        0x2 build/stm32f1xx_hal_tim.o
                0x0000000008002786                HAL_TIM_IC_CaptureCallback
 .text.HAL_TIM_PWM_PulseFinishedCallback
                0x0000000008002788        0x2 build/stm32f1xx_hal_tim.o
                0x0000000008002788                HAL_TIM_PWM_PulseFinishedCallback
 .text.HAL_TIM_TriggerCallback
                0x000000000800278a        0x2 build/stm32f1xx_hal_tim.o
                0x000000000800278a                HAL_TIM_TriggerCallback
 .text.HAL_TIM_IRQHandler
                0x000000000800278c      0x17a build/stm32f1xx_hal_tim.o
                0x000000000800278c                HAL_TIM_IRQHandler
 *fill*         0x0000000008002906        0x2 
 .text.TIM_Base_SetConfig
                0x0000000008002908       0x78 build/stm32f1xx_hal_tim.o
                0x0000000008002908                TIM_Base_SetConfig
 .text.HAL_TIM_Base_Init
                0x0000000008002980       0x56 build/stm32f1xx_hal_tim.o
                0x0000000008002980                HAL_TIM_Base_Init
 .text.TIM_ETR_SetConfig
                0x00000000080029d6       0x16 build/stm32f1xx_hal_tim.o
                0x00000000080029d6                TIM_ETR_SetConfig
 .text.TIM_SlaveTimer_SetConfig
                0x00000000080029ec       0x8a build/stm32f1xx_hal_tim.o
 .text.HAL_TIM_SlaveConfigSynchro
                0x0000000008002a76       0x58 build/stm32f1xx_hal_tim.o
                0x0000000008002a76                HAL_TIM_SlaveConfigSynchro
 *fill*         0x0000000008002ace        0x2 
 .text.HAL_TIMEx_MasterConfigSynchronization
                0x0000000008002ad0       0x6c build/stm32f1xx_hal_tim_ex.o
                0x0000000008002ad0                HAL_TIMEx_MasterConfigSynchronization
 .text.HAL_TIMEx_CommutCallback
                0x0000000008002b3c        0x2 build/stm32f1xx_hal_tim_ex.o
                0x0000000008002b3c                HAL_TIMEx_CommutCallback
 .text.HAL_TIMEx_BreakCallback
                0x0000000008002b3e        0x2 build/stm32f1xx_hal_tim_ex.o
                0x0000000008002b3e                HAL_TIMEx_BreakCallback
 .text.Reset_Handler
                0x0000000008002b40       0x48 build/startup_stm32f103xb.o
                0x0000000008002b40                Reset_Handler
 .text.Default_Handler
                0x0000000008002b88        0x2 build/startup_stm32f103xb.o
                0x0000000008002b88                RTC_Alarm_IRQHandler
                0x0000000008002b88                EXTI2_IRQHandler
                0x0000000008002b88                TIM1_CC_IRQHandler
                0x0000000008002b88                PVD_IRQHandler
                0x0000000008002b88                EXTI3_IRQHandler
                0x0000000008002b88                EXTI0_IRQHandler
                0x0000000008002b88                I2C2_EV_IRQHandler
                0x0000000008002b88                ADC1_2_IRQHandler
                0x0000000008002b88                SPI1_IRQHandler
                0x0000000008002b88                TAMPER_IRQHandler
                0x0000000008002b88                DMA1_Channel4_IRQHandler
                0x0000000008002b88                USART3_IRQHandler
                0x0000000008002b88                RTC_IRQHandler
                0x0000000008002b88                DMA1_Channel7_IRQHandler
                0x0000000008002b88                CAN1_RX1_IRQHandler
                0x0000000008002b88                I2C1_EV_IRQHandler
                0x0000000008002b88                DMA1_Channel6_IRQHandler
                0x0000000008002b88                TIM3_IRQHandler
                0x0000000008002b88                RCC_IRQHandler
                0x0000000008002b88                TIM1_TRG_COM_IRQHandler
                0x0000000008002b88                Default_Handler
                0x0000000008002b88                EXTI15_10_IRQHandler
                0x0000000008002b88                EXTI9_5_IRQHandler
                0x0000000008002b88                SPI2_IRQHandler
                0x0000000008002b88                DMA1_Channel5_IRQHandler
                0x0000000008002b88                EXTI4_IRQHandler
                0x0000000008002b88                USB_HP_CAN1_TX_IRQHandler
                0x0000000008002b88                DMA1_Channel3_IRQHandler
                0x0000000008002b88                TIM1_UP_IRQHandler
                0x0000000008002b88                WWDG_IRQHandler
                0x0000000008002b88                TIM2_IRQHandler
                0x0000000008002b88                TIM1_BRK_IRQHandler
                0x0000000008002b88                EXTI1_IRQHandler
                0x0000000008002b88                USART2_IRQHandler
                0x0000000008002b88                I2C2_ER_IRQHandler
                0x0000000008002b88                DMA1_Channel2_IRQHandler
                0x0000000008002b88                CAN1_SCE_IRQHandler
                0x0000000008002b88                FLASH_IRQHandler
                0x0000000008002b88                USART1_IRQHandler
                0x0000000008002b88                I2C1_ER_IRQHandler
                0x0000000008002b88                USBWakeUp_IRQHandler
 *fill*         0x0000000008002b8a        0x2 
 .text.startup  0x0000000008002b8c       0x14 /usr/lib/gcc/arm-none-eabi/6.3.1/../../../arm-none-eabi/lib/thumb/v7-m/libc.a(lib_a-__call_atexit.o)
 *(.glue_7)
 .glue_7        0x0000000008002ba0        0x0 linker stubs
 *(.glue_7t)
 .glue_7t       0x0000000008002ba0        0x0 linker stubs
 *(.eh_frame)
 .eh_frame      0x0000000008002ba0        0x0 /usr/lib/gcc/arm-none-eabi/6.3.1/thumb/v7-m/crtbegin.o
 *(.init)
 .init          0x0000000008002ba0        0x4 /usr/lib/gcc/arm-none-eabi/6.3.1/thumb/v7-m/crti.o
                0x0000000008002ba0                _init
 .init          0x0000000008002ba4        0x8 /usr/lib/gcc/arm-none-eabi/6.3.1/thumb/v7-m/crtn.o
 *(.fini)
 .fini          0x0000000008002bac        0x4 /usr/lib/gcc/arm-none-eabi/6.3.1/thumb/v7-m/crti.o
                0x0000000008002bac                _fini
 .fini          0x0000000008002bb0        0x8 /usr/lib/gcc/arm-none-eabi/6.3.1/thumb/v7-m/crtn.o
                0x0000000008002bb8                . = ALIGN (0x4)
                0x0000000008002bb8                _etext = .

.vfp11_veneer   0x0000000008002bb8        0x0
 .vfp11_veneer  0x0000000008002bb8        0x0 linker stubs

.v4_bx          0x0000000008002bb8        0x0
 .v4_bx         0x0000000008002bb8        0x0 linker stubs

.iplt           0x0000000008002bb8        0x0
 .iplt          0x0000000008002bb8        0x0 /usr/lib/gcc/arm-none-eabi/6.3.1/thumb/v7-m/crtbegin.o

.rodata         0x0000000008002bb8       0x2c
                0x0000000008002bb8                . = ALIGN (0x4)
 *(.rodata)
 .rodata        0x0000000008002bb8       0x12 build/stm32f1xx_hal_rcc.o
 *fill*         0x0000000008002bca        0x2 
 .rodata        0x0000000008002bcc        0x4 /usr/lib/gcc/arm-none-eabi/6.3.1/../../../arm-none-eabi/lib/thumb/v7-m/libc.a(lib_a-impure.o)
                0x0000000008002bcc                _global_impure_ptr
 *(.rodata*)
 .rodata.AHBPrescTable
                0x0000000008002bd0       0x10 build/system_stm32f1xx.o
                0x0000000008002bd0                AHBPrescTable
 .rodata.str1.4
                0x0000000008002be0        0x4 /usr/lib/gcc/arm-none-eabi/6.3.1/../../../arm-none-eabi/lib/thumb/v7-m/libc.a(lib_a-impure.o)
                                          0x2 (size before relaxing)
                0x0000000008002be4                . = ALIGN (0x4)

.rel.dyn        0x0000000008002be4        0x0
 .rel.iplt      0x0000000008002be4        0x0 /usr/lib/gcc/arm-none-eabi/6.3.1/thumb/v7-m/crtbegin.o

.ARM.extab
 *(.ARM.extab* .gnu.linkonce.armextab.*)

.ARM            0x0000000008002be4        0x0
                0x0000000008002be4                __exidx_start = .
 *(.ARM.exidx*)
                0x0000000008002be4                __exidx_end = .

.preinit_array  0x0000000008002be4        0x0
                0x0000000008002be4                PROVIDE (__preinit_array_start, .)
 *(.preinit_array*)
                0x0000000008002be4                PROVIDE (__preinit_array_end, .)

.init_array     0x0000000008002be4        0x8
                0x0000000008002be4                PROVIDE (__init_array_start, .)
 *(SORT(.init_array.*))
 .init_array.00000
                0x0000000008002be4        0x4 /usr/lib/gcc/arm-none-eabi/6.3.1/../../../arm-none-eabi/lib/thumb/v7-m/libc.a(lib_a-__call_atexit.o)
 *(.init_array*)
 .init_array    0x0000000008002be8        0x4 /usr/lib/gcc/arm-none-eabi/6.3.1/thumb/v7-m/crtbegin.o
                0x0000000008002bec                PROVIDE (__init_array_end, .)

.fini_array     0x0000000008002bec        0x4
                0x0000000008002bec                PROVIDE (__fini_array_start, .)
 *(SORT(.fini_array.*))
 *(.fini_array*)
 .fini_array    0x0000000008002bec        0x4 /usr/lib/gcc/arm-none-eabi/6.3.1/thumb/v7-m/crtbegin.o
                0x0000000008002bf0                PROVIDE (__fini_array_end, .)
                0x0000000008002bf0                _sidata = LOADADDR (.data)

.data           0x0000000020000000      0x43c load address 0x0000000008002bf0
                0x0000000020000000                . = ALIGN (0x4)
                0x0000000020000000                _sdata = .
 *(.data)
 .data          0x0000000020000000      0x430 /usr/lib/gcc/arm-none-eabi/6.3.1/../../../arm-none-eabi/lib/thumb/v7-m/libc.a(lib_a-impure.o)
                0x0000000020000000                _impure_ptr
 *(.data*)
 .data.SystemCoreClock
                0x0000000020000430        0x4 build/system_stm32f1xx.o
                0x0000000020000430                SystemCoreClock
 .data.uwTickFreq
                0x0000000020000434        0x1 build/stm32f1xx_hal.o
                0x0000000020000434                uwTickFreq
 *fill*         0x0000000020000435        0x3 
 .data.uwTickPrio
                0x0000000020000438        0x4 build/stm32f1xx_hal.o
                0x0000000020000438                uwTickPrio
                0x000000002000043c                . = ALIGN (0x4)
                0x000000002000043c                _edata = .

.jcr            0x000000002000043c        0x0 load address 0x000000000800302c
 .jcr           0x000000002000043c        0x0 /usr/lib/gcc/arm-none-eabi/6.3.1/thumb/v7-m/crtbegin.o

.tm_clone_table
                0x000000002000043c        0x0 load address 0x000000000800302c
 .tm_clone_table
                0x000000002000043c        0x0 /usr/lib/gcc/arm-none-eabi/6.3.1/thumb/v7-m/crtbegin.o
 .tm_clone_table
                0x000000002000043c        0x0 /usr/lib/gcc/arm-none-eabi/6.3.1/thumb/v7-m/crtend.o

.igot.plt       0x000000002000043c        0x0 load address 0x000000000800302c
 .igot.plt      0x000000002000043c        0x0 /usr/lib/gcc/arm-none-eabi/6.3.1/thumb/v7-m/crtbegin.o
                0x000000002000043c                . = ALIGN (0x4)

.bss            0x000000002000043c      0x214 load address 0x000000000800302c
                0x000000002000043c                _sbss = .
                0x000000002000043c                __bss_start__ = _sbss
 *(.bss)
 .bss           0x000000002000043c       0x1c /usr/lib/gcc/arm-none-eabi/6.3.1/thumb/v7-m/crtbegin.o
 *(.bss*)
 *(COMMON)
 COMMON         0x0000000020000458       0xe8 build/can_setup.o
                0x0000000020000458                canTx
                0x0000000020000460                rxMsg
                0x000000002000047c                hcan
                0x00000000200004a4                te
                0x00000000200004b0                txMsg
                0x00000000200004c8                canMailbox
                0x00000000200004cc                data
                0x00000000200004f4                event
                0x000000002000051c                txMsgExt
                0x0000000020000534                txCycle
                0x0000000020000538                canRx
 COMMON         0x0000000020000540      0x10c build/main.o
                0x0000000020000540                motorCurrent
                0x0000000020000560                htim4
                0x00000000200005a8                stageState
                0x00000000200005ac                hadc1
                0x00000000200005dc                hdma_adc1
                0x0000000020000620                stageNextState
                0x0000000020000624                window
 COMMON         0x000000002000064c        0x4 build/stm32f1xx_hal.o
                0x000000002000064c                uwTick
                0x0000000020000650                . = ALIGN (0x4)
                0x0000000020000650                _ebss = .
                0x0000000020000650                __bss_end__ = _ebss

._user_heap_stack
                0x0000000020000650      0x600 load address 0x000000000800302c
                0x0000000020000650                . = ALIGN (0x8)
                [!provide]                        PROVIDE (end, .)
                [!provide]                        PROVIDE (_end, .)
                0x0000000020000850                . = (. + _Min_Heap_Size)
 *fill*         0x0000000020000650      0x200 
                0x0000000020000c50                . = (. + _Min_Stack_Size)
 *fill*         0x0000000020000850      0x400 
                0x0000000020000c50                . = ALIGN (0x8)

/DISCARD/
 libc.a(*)
 libm.a(*)
 libgcc.a(*)

.ARM.attributes
                0x0000000000000000       0x29
 *(.ARM.attributes)
 .ARM.attributes
                0x0000000000000000       0x1d /usr/lib/gcc/arm-none-eabi/6.3.1/thumb/v7-m/crti.o
 .ARM.attributes
                0x000000000000001d       0x2d /usr/lib/gcc/arm-none-eabi/6.3.1/thumb/v7-m/crtbegin.o
 .ARM.attributes
                0x000000000000004a       0x33 build/can_setup.o
 .ARM.attributes
                0x000000000000007d       0x33 build/encoder.o
 .ARM.attributes
                0x00000000000000b0       0x33 build/main.o
 .ARM.attributes
                0x00000000000000e3       0x33 build/stm32f1xx_hal_msp.o
 .ARM.attributes
                0x0000000000000116       0x33 build/stm32f1xx_it.o
 .ARM.attributes
                0x0000000000000149       0x33 build/system_stm32f1xx.o
 .ARM.attributes
                0x000000000000017c       0x33 build/window.o
 .ARM.attributes
                0x00000000000001af       0x33 build/stm32f1xx_hal.o
 .ARM.attributes
                0x00000000000001e2       0x33 build/stm32f1xx_hal_adc.o
 .ARM.attributes
                0x0000000000000215       0x33 build/stm32f1xx_hal_can.o
 .ARM.attributes
                0x0000000000000248       0x33 build/stm32f1xx_hal_cortex.o
 .ARM.attributes
                0x000000000000027b       0x33 build/stm32f1xx_hal_dma.o
 .ARM.attributes
                0x00000000000002ae       0x33 build/stm32f1xx_hal_gpio.o
 .ARM.attributes
                0x00000000000002e1       0x33 build/stm32f1xx_hal_rcc.o
 .ARM.attributes
                0x0000000000000314       0x33 build/stm32f1xx_hal_rcc_ex.o
 .ARM.attributes
                0x0000000000000347       0x33 build/stm32f1xx_hal_tim.o
 .ARM.attributes
                0x000000000000037a       0x33 build/stm32f1xx_hal_tim_ex.o
 .ARM.attributes
                0x00000000000003ad       0x21 build/startup_stm32f103xb.o
 .ARM.attributes
                0x00000000000003ce       0x2d /usr/lib/gcc/arm-none-eabi/6.3.1/../../../arm-none-eabi/lib/thumb/v7-m/libc.a(lib_a-atexit.o)
 .ARM.attributes
                0x00000000000003fb       0x2d /usr/lib/gcc/arm-none-eabi/6.3.1/../../../arm-none-eabi/lib/thumb/v7-m/libc.a(lib_a-fini.o)
 .ARM.attributes
                0x0000000000000428       0x2d /usr/lib/gcc/arm-none-eabi/6.3.1/../../../arm-none-eabi/lib/thumb/v7-m/libc.a(lib_a-impure.o)
 .ARM.attributes
                0x0000000000000455       0x2d /usr/lib/gcc/arm-none-eabi/6.3.1/../../../arm-none-eabi/lib/thumb/v7-m/libc.a(lib_a-init.o)
 .ARM.attributes
                0x0000000000000482       0x2d /usr/lib/gcc/arm-none-eabi/6.3.1/../../../arm-none-eabi/lib/thumb/v7-m/libc.a(lib_a-memset.o)
 .ARM.attributes
                0x00000000000004af       0x2d /usr/lib/gcc/arm-none-eabi/6.3.1/../../../arm-none-eabi/lib/thumb/v7-m/libc.a(lib_a-__atexit.o)
 .ARM.attributes
                0x00000000000004dc       0x2d /usr/lib/gcc/arm-none-eabi/6.3.1/../../../arm-none-eabi/lib/thumb/v7-m/libc.a(lib_a-__call_atexit.o)
 .ARM.attributes
                0x0000000000000509       0x2d /usr/lib/gcc/arm-none-eabi/6.3.1/thumb/v7-m/crtend.o
 .ARM.attributes
                0x0000000000000536       0x1d /usr/lib/gcc/arm-none-eabi/6.3.1/thumb/v7-m/crtn.o
OUTPUT(build/CAN_WINDOWS.elf elf32-littlearm)

.comment        0x0000000000000000       0x31
 .comment       0x0000000000000000       0x31 /usr/lib/gcc/arm-none-eabi/6.3.1/thumb/v7-m/crtbegin.o
                                         0x32 (size before relaxing)
 .comment       0x0000000000000031       0x32 build/can_setup.o
 .comment       0x0000000000000031       0x32 build/encoder.o
 .comment       0x0000000000000031       0x32 build/main.o
 .comment       0x0000000000000031       0x32 build/stm32f1xx_hal_msp.o
 .comment       0x0000000000000031       0x32 build/stm32f1xx_it.o
 .comment       0x0000000000000031       0x32 build/system_stm32f1xx.o
 .comment       0x0000000000000031       0x32 build/window.o
 .comment       0x0000000000000031       0x32 build/stm32f1xx_hal.o
 .comment       0x0000000000000031       0x32 build/stm32f1xx_hal_adc.o
 .comment       0x0000000000000031       0x32 build/stm32f1xx_hal_can.o
 .comment       0x0000000000000031       0x32 build/stm32f1xx_hal_cortex.o
 .comment       0x0000000000000031       0x32 build/stm32f1xx_hal_dma.o
 .comment       0x0000000000000031       0x32 build/stm32f1xx_hal_gpio.o
 .comment       0x0000000000000031       0x32 build/stm32f1xx_hal_rcc.o
 .comment       0x0000000000000031       0x32 build/stm32f1xx_hal_rcc_ex.o
 .comment       0x0000000000000031       0x32 build/stm32f1xx_hal_tim.o
 .comment       0x0000000000000031       0x32 build/stm32f1xx_hal_tim_ex.o
 .comment       0x0000000000000031       0x32 /usr/lib/gcc/arm-none-eabi/6.3.1/../../../arm-none-eabi/lib/thumb/v7-m/libc.a(lib_a-atexit.o)
 .comment       0x0000000000000031       0x32 /usr/lib/gcc/arm-none-eabi/6.3.1/../../../arm-none-eabi/lib/thumb/v7-m/libc.a(lib_a-fini.o)
 .comment       0x0000000000000031       0x32 /usr/lib/gcc/arm-none-eabi/6.3.1/../../../arm-none-eabi/lib/thumb/v7-m/libc.a(lib_a-impure.o)
 .comment       0x0000000000000031       0x32 /usr/lib/gcc/arm-none-eabi/6.3.1/../../../arm-none-eabi/lib/thumb/v7-m/libc.a(lib_a-init.o)
 .comment       0x0000000000000031       0x32 /usr/lib/gcc/arm-none-eabi/6.3.1/../../../arm-none-eabi/lib/thumb/v7-m/libc.a(lib_a-memset.o)
 .comment       0x0000000000000031       0x32 /usr/lib/gcc/arm-none-eabi/6.3.1/../../../arm-none-eabi/lib/thumb/v7-m/libc.a(lib_a-__atexit.o)
 .comment       0x0000000000000031       0x32 /usr/lib/gcc/arm-none-eabi/6.3.1/../../../arm-none-eabi/lib/thumb/v7-m/libc.a(lib_a-__call_atexit.o)
 .comment       0x0000000000000031       0x32 /usr/lib/gcc/arm-none-eabi/6.3.1/thumb/v7-m/crtend.o

.debug_info     0x0000000000000000    0x1620f
 .debug_info    0x0000000000000000     0x15b0 build/can_setup.o
 .debug_info    0x00000000000015b0     0x127b build/encoder.o
 .debug_info    0x000000000000282b     0x25b4 build/main.o
 .debug_info    0x0000000000004ddf     0x145b build/stm32f1xx_hal_msp.o
 .debug_info    0x000000000000623a      0xc9b build/stm32f1xx_it.o
 .debug_info    0x0000000000006ed5      0x2cc build/system_stm32f1xx.o
 .debug_info    0x00000000000071a1     0x17c4 build/window.o
 .debug_info    0x0000000000008965      0x873 build/stm32f1xx_hal.o
 .debug_info    0x00000000000091d8      0xf78 build/stm32f1xx_hal_adc.o
 .debug_info    0x000000000000a150     0x1265 build/stm32f1xx_hal_can.o
 .debug_info    0x000000000000b3b5      0xd67 build/stm32f1xx_hal_cortex.o
 .debug_info    0x000000000000c11c      0x8c7 build/stm32f1xx_hal_dma.o
 .debug_info    0x000000000000c9e3      0x721 build/stm32f1xx_hal_gpio.o
 .debug_info    0x000000000000d104      0xaaa build/stm32f1xx_hal_rcc.o
 .debug_info    0x000000000000dbae      0x4da build/stm32f1xx_hal_rcc_ex.o
 .debug_info    0x000000000000e088     0x3846 build/stm32f1xx_hal_tim.o
 .debug_info    0x00000000000118ce     0x190e build/stm32f1xx_hal_tim_ex.o
 .debug_info    0x00000000000131dc       0x56 build/startup_stm32f103xb.o
 .debug_info    0x0000000000013232      0x907 /usr/lib/gcc/arm-none-eabi/6.3.1/../../../arm-none-eabi/lib/thumb/v7-m/libc.a(lib_a-atexit.o)
 .debug_info    0x0000000000013b39       0xfa /usr/lib/gcc/arm-none-eabi/6.3.1/../../../arm-none-eabi/lib/thumb/v7-m/libc.a(lib_a-fini.o)
 .debug_info    0x0000000000013c33      0x8a5 /usr/lib/gcc/arm-none-eabi/6.3.1/../../../arm-none-eabi/lib/thumb/v7-m/libc.a(lib_a-impure.o)
 .debug_info    0x00000000000144d8      0x110 /usr/lib/gcc/arm-none-eabi/6.3.1/../../../arm-none-eabi/lib/thumb/v7-m/libc.a(lib_a-init.o)
 .debug_info    0x00000000000145e8      0x91b /usr/lib/gcc/arm-none-eabi/6.3.1/../../../arm-none-eabi/lib/thumb/v7-m/libc.a(lib_a-memset.o)
 .debug_info    0x0000000000014f03      0x950 /usr/lib/gcc/arm-none-eabi/6.3.1/../../../arm-none-eabi/lib/thumb/v7-m/libc.a(lib_a-__atexit.o)
 .debug_info    0x0000000000015853      0x9bc /usr/lib/gcc/arm-none-eabi/6.3.1/../../../arm-none-eabi/lib/thumb/v7-m/libc.a(lib_a-__call_atexit.o)

.debug_abbrev   0x0000000000000000     0x3218
 .debug_abbrev  0x0000000000000000      0x266 build/can_setup.o
 .debug_abbrev  0x0000000000000266      0x242 build/encoder.o
 .debug_abbrev  0x00000000000004a8      0x316 build/main.o
 .debug_abbrev  0x00000000000007be      0x230 build/stm32f1xx_hal_msp.o
 .debug_abbrev  0x00000000000009ee      0x190 build/stm32f1xx_it.o
 .debug_abbrev  0x0000000000000b7e      0x131 build/system_stm32f1xx.o
 .debug_abbrev  0x0000000000000caf      0x2ee build/window.o
 .debug_abbrev  0x0000000000000f9d      0x1eb build/stm32f1xx_hal.o
 .debug_abbrev  0x0000000000001188      0x231 build/stm32f1xx_hal_adc.o
 .debug_abbrev  0x00000000000013b9      0x25b build/stm32f1xx_hal_can.o
 .debug_abbrev  0x0000000000001614      0x316 build/stm32f1xx_hal_cortex.o
 .debug_abbrev  0x000000000000192a      0x247 build/stm32f1xx_hal_dma.o
 .debug_abbrev  0x0000000000001b71      0x211 build/stm32f1xx_hal_gpio.o
 .debug_abbrev  0x0000000000001d82      0x270 build/stm32f1xx_hal_rcc.o
 .debug_abbrev  0x0000000000001ff2      0x1c7 build/stm32f1xx_hal_rcc_ex.o
 .debug_abbrev  0x00000000000021b9      0x282 build/stm32f1xx_hal_tim.o
 .debug_abbrev  0x000000000000243b      0x278 build/stm32f1xx_hal_tim_ex.o
 .debug_abbrev  0x00000000000026b3       0x12 build/startup_stm32f103xb.o
 .debug_abbrev  0x00000000000026c5      0x1f6 /usr/lib/gcc/arm-none-eabi/6.3.1/../../../arm-none-eabi/lib/thumb/v7-m/libc.a(lib_a-atexit.o)
 .debug_abbrev  0x00000000000028bb       0xbd /usr/lib/gcc/arm-none-eabi/6.3.1/../../../arm-none-eabi/lib/thumb/v7-m/libc.a(lib_a-fini.o)
 .debug_abbrev  0x0000000000002978      0x189 /usr/lib/gcc/arm-none-eabi/6.3.1/../../../arm-none-eabi/lib/thumb/v7-m/libc.a(lib_a-impure.o)
 .debug_abbrev  0x0000000000002b01       0xba /usr/lib/gcc/arm-none-eabi/6.3.1/../../../arm-none-eabi/lib/thumb/v7-m/libc.a(lib_a-init.o)
 .debug_abbrev  0x0000000000002bbb      0x1cd /usr/lib/gcc/arm-none-eabi/6.3.1/../../../arm-none-eabi/lib/thumb/v7-m/libc.a(lib_a-memset.o)
 .debug_abbrev  0x0000000000002d88      0x220 /usr/lib/gcc/arm-none-eabi/6.3.1/../../../arm-none-eabi/lib/thumb/v7-m/libc.a(lib_a-__atexit.o)
 .debug_abbrev  0x0000000000002fa8      0x270 /usr/lib/gcc/arm-none-eabi/6.3.1/../../../arm-none-eabi/lib/thumb/v7-m/libc.a(lib_a-__call_atexit.o)

.debug_loc      0x0000000000000000     0xbd1f
 .debug_loc     0x0000000000000000      0x151 build/can_setup.o
 .debug_loc     0x0000000000000151      0x165 build/encoder.o
 .debug_loc     0x00000000000002b6      0x17e build/main.o
 .debug_loc     0x0000000000000434      0x2ad build/stm32f1xx_hal_msp.o
 .debug_loc     0x00000000000006e1       0x80 build/stm32f1xx_it.o
 .debug_loc     0x0000000000000761       0xdf build/system_stm32f1xx.o
 .debug_loc     0x0000000000000840      0x46d build/window.o
 .debug_loc     0x0000000000000cad      0x1ad build/stm32f1xx_hal.o
 .debug_loc     0x0000000000000e5a      0xc23 build/stm32f1xx_hal_adc.o
 .debug_loc     0x0000000000001a7d      0xda2 build/stm32f1xx_hal_can.o
 .debug_loc     0x000000000000281f      0x685 build/stm32f1xx_hal_cortex.o
 .debug_loc     0x0000000000002ea4      0x867 build/stm32f1xx_hal_dma.o
 .debug_loc     0x000000000000370b      0x471 build/stm32f1xx_hal_gpio.o
 .debug_loc     0x0000000000003b7c      0x62d build/stm32f1xx_hal_rcc.o
 .debug_loc     0x00000000000041a9      0x364 build/stm32f1xx_hal_rcc_ex.o
 .debug_loc     0x000000000000450d     0x51d7 build/stm32f1xx_hal_tim.o
 .debug_loc     0x00000000000096e4     0x2002 build/stm32f1xx_hal_tim_ex.o
 .debug_loc     0x000000000000b6e6       0x2c /usr/lib/gcc/arm-none-eabi/6.3.1/../../../arm-none-eabi/lib/thumb/v7-m/libc.a(lib_a-atexit.o)
 .debug_loc     0x000000000000b712       0x5c /usr/lib/gcc/arm-none-eabi/6.3.1/../../../arm-none-eabi/lib/thumb/v7-m/libc.a(lib_a-fini.o)
 .debug_loc     0x000000000000b76e       0xae /usr/lib/gcc/arm-none-eabi/6.3.1/../../../arm-none-eabi/lib/thumb/v7-m/libc.a(lib_a-init.o)
 .debug_loc     0x000000000000b81c      0x1bd /usr/lib/gcc/arm-none-eabi/6.3.1/../../../arm-none-eabi/lib/thumb/v7-m/libc.a(lib_a-memset.o)
 .debug_loc     0x000000000000b9d9      0x1ad /usr/lib/gcc/arm-none-eabi/6.3.1/../../../arm-none-eabi/lib/thumb/v7-m/libc.a(lib_a-__atexit.o)
 .debug_loc     0x000000000000bb86      0x199 /usr/lib/gcc/arm-none-eabi/6.3.1/../../../arm-none-eabi/lib/thumb/v7-m/libc.a(lib_a-__call_atexit.o)

.debug_aranges  0x0000000000000000      0xd70
 .debug_aranges
                0x0000000000000000       0x38 build/can_setup.o
 .debug_aranges
                0x0000000000000038       0x38 build/encoder.o
 .debug_aranges
                0x0000000000000070       0x58 build/main.o
 .debug_aranges
                0x00000000000000c8       0x50 build/stm32f1xx_hal_msp.o
 .debug_aranges
                0x0000000000000118       0x78 build/stm32f1xx_it.o
 .debug_aranges
                0x0000000000000190       0x28 build/system_stm32f1xx.o
 .debug_aranges
                0x00000000000001b8       0x48 build/window.o
 .debug_aranges
                0x0000000000000200       0xe0 build/stm32f1xx_hal.o
 .debug_aranges
                0x00000000000002e0       0xf0 build/stm32f1xx_hal_adc.o
 .debug_aranges
                0x00000000000003d0      0x138 build/stm32f1xx_hal_can.o
 .debug_aranges
                0x0000000000000508       0x90 build/stm32f1xx_hal_cortex.o
 .debug_aranges
                0x0000000000000598       0x80 build/stm32f1xx_hal_dma.o
 .debug_aranges
                0x0000000000000618       0x58 build/stm32f1xx_hal_gpio.o
 .debug_aranges
                0x0000000000000670       0x90 build/stm32f1xx_hal_rcc.o
 .debug_aranges
                0x0000000000000700       0x30 build/stm32f1xx_hal_rcc_ex.o
 .debug_aranges
                0x0000000000000730      0x3d0 build/stm32f1xx_hal_tim.o
 .debug_aranges
                0x0000000000000b00      0x168 build/stm32f1xx_hal_tim_ex.o
 .debug_aranges
                0x0000000000000c68       0x28 build/startup_stm32f103xb.o
 .debug_aranges
                0x0000000000000c90       0x20 /usr/lib/gcc/arm-none-eabi/6.3.1/../../../arm-none-eabi/lib/thumb/v7-m/libc.a(lib_a-atexit.o)
 .debug_aranges
                0x0000000000000cb0       0x20 /usr/lib/gcc/arm-none-eabi/6.3.1/../../../arm-none-eabi/lib/thumb/v7-m/libc.a(lib_a-fini.o)
 .debug_aranges
                0x0000000000000cd0       0x18 /usr/lib/gcc/arm-none-eabi/6.3.1/../../../arm-none-eabi/lib/thumb/v7-m/libc.a(lib_a-impure.o)
 .debug_aranges
                0x0000000000000ce8       0x20 /usr/lib/gcc/arm-none-eabi/6.3.1/../../../arm-none-eabi/lib/thumb/v7-m/libc.a(lib_a-init.o)
 .debug_aranges
                0x0000000000000d08       0x20 /usr/lib/gcc/arm-none-eabi/6.3.1/../../../arm-none-eabi/lib/thumb/v7-m/libc.a(lib_a-memset.o)
 .debug_aranges
                0x0000000000000d28       0x20 /usr/lib/gcc/arm-none-eabi/6.3.1/../../../arm-none-eabi/lib/thumb/v7-m/libc.a(lib_a-__atexit.o)
 .debug_aranges
                0x0000000000000d48       0x28 /usr/lib/gcc/arm-none-eabi/6.3.1/../../../arm-none-eabi/lib/thumb/v7-m/libc.a(lib_a-__call_atexit.o)

.debug_ranges   0x0000000000000000      0xc80
 .debug_ranges  0x0000000000000000       0x28 build/can_setup.o
 .debug_ranges  0x0000000000000028       0x28 build/encoder.o
 .debug_ranges  0x0000000000000050       0x48 build/main.o
 .debug_ranges  0x0000000000000098       0x40 build/stm32f1xx_hal_msp.o
 .debug_ranges  0x00000000000000d8       0x68 build/stm32f1xx_it.o
 .debug_ranges  0x0000000000000140       0x18 build/system_stm32f1xx.o
 .debug_ranges  0x0000000000000158       0x70 build/window.o
 .debug_ranges  0x00000000000001c8       0xd0 build/stm32f1xx_hal.o
 .debug_ranges  0x0000000000000298       0xe0 build/stm32f1xx_hal_adc.o
 .debug_ranges  0x0000000000000378      0x128 build/stm32f1xx_hal_can.o
 .debug_ranges  0x00000000000004a0       0xe0 build/stm32f1xx_hal_cortex.o
 .debug_ranges  0x0000000000000580       0x70 build/stm32f1xx_hal_dma.o
 .debug_ranges  0x00000000000005f0       0x48 build/stm32f1xx_hal_gpio.o
 .debug_ranges  0x0000000000000638       0xa0 build/stm32f1xx_hal_rcc.o
 .debug_ranges  0x00000000000006d8       0x38 build/stm32f1xx_hal_rcc_ex.o
 .debug_ranges  0x0000000000000710      0x3c0 build/stm32f1xx_hal_tim.o
 .debug_ranges  0x0000000000000ad0      0x158 build/stm32f1xx_hal_tim_ex.o
 .debug_ranges  0x0000000000000c28       0x20 build/startup_stm32f103xb.o
 .debug_ranges  0x0000000000000c48       0x38 /usr/lib/gcc/arm-none-eabi/6.3.1/../../../arm-none-eabi/lib/thumb/v7-m/libc.a(lib_a-__call_atexit.o)

.debug_line     0x0000000000000000     0x6928
 .debug_line    0x0000000000000000      0x276 build/can_setup.o
 .debug_line    0x0000000000000276      0x22f build/encoder.o
 .debug_line    0x00000000000004a5      0x3fc build/main.o
 .debug_line    0x00000000000008a1      0x2bb build/stm32f1xx_hal_msp.o
 .debug_line    0x0000000000000b5c      0x266 build/stm32f1xx_it.o
 .debug_line    0x0000000000000dc2      0x18d build/system_stm32f1xx.o
 .debug_line    0x0000000000000f4f      0x382 build/window.o
 .debug_line    0x00000000000012d1      0x351 build/stm32f1xx_hal.o
 .debug_line    0x0000000000001622      0x707 build/stm32f1xx_hal_adc.o
 .debug_line    0x0000000000001d29      0x66a build/stm32f1xx_hal_can.o
 .debug_line    0x0000000000002393      0x328 build/stm32f1xx_hal_cortex.o
 .debug_line    0x00000000000026bb      0x500 build/stm32f1xx_hal_dma.o
 .debug_line    0x0000000000002bbb      0x31e build/stm32f1xx_hal_gpio.o
 .debug_line    0x0000000000002ed9      0x48c build/stm32f1xx_hal_rcc.o
 .debug_line    0x0000000000003365      0x26d build/stm32f1xx_hal_rcc_ex.o
 .debug_line    0x00000000000035d2     0x1c4c build/stm32f1xx_hal_tim.o
 .debug_line    0x000000000000521e      0xe4e build/stm32f1xx_hal_tim_ex.o
 .debug_line    0x000000000000606c       0x72 build/startup_stm32f103xb.o
 .debug_line    0x00000000000060de      0x151 /usr/lib/gcc/arm-none-eabi/6.3.1/../../../arm-none-eabi/lib/thumb/v7-m/libc.a(lib_a-atexit.o)
 .debug_line    0x000000000000622f       0x9f /usr/lib/gcc/arm-none-eabi/6.3.1/../../../arm-none-eabi/lib/thumb/v7-m/libc.a(lib_a-fini.o)
 .debug_line    0x00000000000062ce       0xe9 /usr/lib/gcc/arm-none-eabi/6.3.1/../../../arm-none-eabi/lib/thumb/v7-m/libc.a(lib_a-impure.o)
 .debug_line    0x00000000000063b7       0xb9 /usr/lib/gcc/arm-none-eabi/6.3.1/../../../arm-none-eabi/lib/thumb/v7-m/libc.a(lib_a-init.o)
 .debug_line    0x0000000000006470      0x176 /usr/lib/gcc/arm-none-eabi/6.3.1/../../../arm-none-eabi/lib/thumb/v7-m/libc.a(lib_a-memset.o)
 .debug_line    0x00000000000065e6      0x18f /usr/lib/gcc/arm-none-eabi/6.3.1/../../../arm-none-eabi/lib/thumb/v7-m/libc.a(lib_a-__atexit.o)
 .debug_line    0x0000000000006775      0x1b3 /usr/lib/gcc/arm-none-eabi/6.3.1/../../../arm-none-eabi/lib/thumb/v7-m/libc.a(lib_a-__call_atexit.o)

.debug_str      0x0000000000000000     0x450e
 .debug_str     0x0000000000000000      0xd52 build/can_setup.o
                                        0xe2b (size before relaxing)
 .debug_str     0x0000000000000d52       0x34 build/encoder.o
                                        0xa7d (size before relaxing)
 .debug_str     0x0000000000000d86      0xa56 build/main.o
                                       0x182d (size before relaxing)
 .debug_str     0x00000000000017dc      0x10c build/stm32f1xx_hal_msp.o
                                        0xf33 (size before relaxing)
 .debug_str     0x00000000000018e8      0x131 build/stm32f1xx_it.o
                                        0xa74 (size before relaxing)
 .debug_str     0x0000000000001a19       0x4f build/system_stm32f1xx.o
                                        0x2a1 (size before relaxing)
 .debug_str     0x0000000000001a68       0x9b build/window.o
                                        0xb8e (size before relaxing)
 .debug_str     0x0000000000001b03      0x280 build/stm32f1xx_hal.o
                                        0x81e (size before relaxing)
 .debug_str     0x0000000000001d83      0x326 build/stm32f1xx_hal_adc.o
                                        0x93c (size before relaxing)
 .debug_str     0x00000000000020a9      0x3ba build/stm32f1xx_hal_can.o
                                        0xab7 (size before relaxing)
 .debug_str     0x0000000000002463      0x369 build/stm32f1xx_hal_cortex.o
                                        0x93a (size before relaxing)
 .debug_str     0x00000000000027cc      0x1e4 build/stm32f1xx_hal_dma.o
                                        0x688 (size before relaxing)
 .debug_str     0x00000000000029b0      0x112 build/stm32f1xx_hal_gpio.o
                                        0x48b (size before relaxing)
 .debug_str     0x0000000000002ac2      0x1e2 build/stm32f1xx_hal_rcc.o
                                        0x66d (size before relaxing)
 .debug_str     0x0000000000002ca4       0x81 build/stm32f1xx_hal_rcc_ex.o
                                        0x44c (size before relaxing)
 .debug_str     0x0000000000002d25      0xe28 build/stm32f1xx_hal_tim.o
                                       0x16c3 (size before relaxing)
 .debug_str     0x0000000000003b4d      0x54a build/stm32f1xx_hal_tim_ex.o
                                        0xeed (size before relaxing)
 .debug_str     0x0000000000004097      0x135 /usr/lib/gcc/arm-none-eabi/6.3.1/../../../arm-none-eabi/lib/thumb/v7-m/libc.a(lib_a-atexit.o)
                                        0x5af (size before relaxing)
 .debug_str     0x00000000000041cc       0xbe /usr/lib/gcc/arm-none-eabi/6.3.1/../../../arm-none-eabi/lib/thumb/v7-m/libc.a(lib_a-fini.o)
                                        0x1c8 (size before relaxing)
 .debug_str     0x000000000000428a       0x98 /usr/lib/gcc/arm-none-eabi/6.3.1/../../../arm-none-eabi/lib/thumb/v7-m/libc.a(lib_a-impure.o)
                                        0x564 (size before relaxing)
 .debug_str     0x0000000000004322       0x93 /usr/lib/gcc/arm-none-eabi/6.3.1/../../../arm-none-eabi/lib/thumb/v7-m/libc.a(lib_a-init.o)
                                        0x1f2 (size before relaxing)
 .debug_str     0x00000000000043b5       0xa2 /usr/lib/gcc/arm-none-eabi/6.3.1/../../../arm-none-eabi/lib/thumb/v7-m/libc.a(lib_a-memset.o)
                                        0x57c (size before relaxing)
 .debug_str     0x0000000000004457       0x41 /usr/lib/gcc/arm-none-eabi/6.3.1/../../../arm-none-eabi/lib/thumb/v7-m/libc.a(lib_a-__atexit.o)
                                        0x5c9 (size before relaxing)
 .debug_str     0x0000000000004498       0x76 /usr/lib/gcc/arm-none-eabi/6.3.1/../../../arm-none-eabi/lib/thumb/v7-m/libc.a(lib_a-__call_atexit.o)
                                        0x5da (size before relaxing)

.debug_frame    0x0000000000000000     0x25c8
 .debug_frame   0x0000000000000000       0x84 build/can_setup.o
 .debug_frame   0x0000000000000084       0x68 build/encoder.o
 .debug_frame   0x00000000000000ec      0x104 build/main.o
 .debug_frame   0x00000000000001f0       0xe4 build/stm32f1xx_hal_msp.o
 .debug_frame   0x00000000000002d4      0x100 build/stm32f1xx_it.o
 .debug_frame   0x00000000000003d4       0x30 build/system_stm32f1xx.o
 .debug_frame   0x0000000000000404       0xa0 build/window.o
 .debug_frame   0x00000000000004a4      0x1e0 build/stm32f1xx_hal.o
 .debug_frame   0x0000000000000684      0x300 build/stm32f1xx_hal_adc.o
 .debug_frame   0x0000000000000984      0x318 build/stm32f1xx_hal_can.o
 .debug_frame   0x0000000000000c9c      0x13c build/stm32f1xx_hal_cortex.o
 .debug_frame   0x0000000000000dd8      0x168 build/stm32f1xx_hal_dma.o
 .debug_frame   0x0000000000000f40      0x104 build/stm32f1xx_hal_gpio.o
 .debug_frame   0x0000000000001044      0x1c4 build/stm32f1xx_hal_rcc.o
 .debug_frame   0x0000000000001208       0x74 build/stm32f1xx_hal_rcc_ex.o
 .debug_frame   0x000000000000127c      0xcf8 build/stm32f1xx_hal_tim.o
 .debug_frame   0x0000000000001f74      0x51c build/stm32f1xx_hal_tim_ex.o
 .debug_frame   0x0000000000002490       0x20 /usr/lib/gcc/arm-none-eabi/6.3.1/../../../arm-none-eabi/lib/thumb/v7-m/libc.a(lib_a-atexit.o)
 .debug_frame   0x00000000000024b0       0x34 /usr/lib/gcc/arm-none-eabi/6.3.1/../../../arm-none-eabi/lib/thumb/v7-m/libc.a(lib_a-fini.o)
 .debug_frame   0x00000000000024e4       0x2c /usr/lib/gcc/arm-none-eabi/6.3.1/../../../arm-none-eabi/lib/thumb/v7-m/libc.a(lib_a-init.o)
 .debug_frame   0x0000000000002510       0x34 /usr/lib/gcc/arm-none-eabi/6.3.1/../../../arm-none-eabi/lib/thumb/v7-m/libc.a(lib_a-memset.o)
 .debug_frame   0x0000000000002544       0x34 /usr/lib/gcc/arm-none-eabi/6.3.1/../../../arm-none-eabi/lib/thumb/v7-m/libc.a(lib_a-__atexit.o)
 .debug_frame   0x0000000000002578       0x50 /usr/lib/gcc/arm-none-eabi/6.3.1/../../../arm-none-eabi/lib/thumb/v7-m/libc.a(lib_a-__call_atexit.o)

Cross Reference Table

Symbol                                            File
ADC1_2_IRQHandler                                 build/startup_stm32f103xb.o
ADC_ConversionStop_Disable                        build/stm32f1xx_hal_adc.o
                                                  build/stm32f1xx_hal_adc_ex.o
ADC_DMAConvCplt                                   build/stm32f1xx_hal_adc.o
                                                  build/stm32f1xx_hal_adc_ex.o
ADC_DMAError                                      build/stm32f1xx_hal_adc.o
                                                  build/stm32f1xx_hal_adc_ex.o
ADC_DMAHalfConvCplt                               build/stm32f1xx_hal_adc.o
                                                  build/stm32f1xx_hal_adc_ex.o
ADC_Enable                                        build/stm32f1xx_hal_adc.o
                                                  build/stm32f1xx_hal_adc_ex.o
AHBPrescTable                                     build/system_stm32f1xx.o
                                                  build/stm32f1xx_hal_rcc.o
APBPrescTable                                     build/system_stm32f1xx.o
                                                  build/stm32f1xx_hal_rcc.o
BusFault_Handler                                  build/stm32f1xx_it.o
CAN1_RX1_IRQHandler                               build/startup_stm32f103xb.o
CAN1_SCE_IRQHandler                               build/startup_stm32f103xb.o
DMA1_Channel1_IRQHandler                          build/stm32f1xx_it.o
DMA1_Channel2_IRQHandler                          build/startup_stm32f103xb.o
DMA1_Channel3_IRQHandler                          build/startup_stm32f103xb.o
DMA1_Channel4_IRQHandler                          build/startup_stm32f103xb.o
DMA1_Channel5_IRQHandler                          build/startup_stm32f103xb.o
DMA1_Channel6_IRQHandler                          build/startup_stm32f103xb.o
DMA1_Channel7_IRQHandler                          build/startup_stm32f103xb.o
DebugMon_Handler                                  build/stm32f1xx_it.o
Default_Handler                                   build/startup_stm32f103xb.o
EXTI0_IRQHandler                                  build/startup_stm32f103xb.o
EXTI15_10_IRQHandler                              build/startup_stm32f103xb.o
EXTI1_IRQHandler                                  build/startup_stm32f103xb.o
EXTI2_IRQHandler                                  build/startup_stm32f103xb.o
EXTI3_IRQHandler                                  build/startup_stm32f103xb.o
EXTI4_IRQHandler                                  build/startup_stm32f103xb.o
EXTI9_5_IRQHandler                                build/startup_stm32f103xb.o
Error_Handler                                     build/main.o
                                                  build/stm32f1xx_hal_msp.o
                                                  build/can_setup.o
FLASH_IRQHandler                                  build/startup_stm32f103xb.o
FLASH_PageErase                                   build/stm32f1xx_hal_flash_ex.o
                                                  build/stm32f1xx_hal_flash.o
FLASH_WaitForLastOperation                        build/stm32f1xx_hal_flash.o
                                                  build/stm32f1xx_hal_flash_ex.o
HAL_ADCEx_Calibration_Start                       build/stm32f1xx_hal_adc_ex.o
HAL_ADCEx_InjectedConfigChannel                   build/stm32f1xx_hal_adc_ex.o
HAL_ADCEx_InjectedConvCpltCallback                build/stm32f1xx_hal_adc_ex.o
                                                  build/stm32f1xx_hal_adc.o
HAL_ADCEx_InjectedGetValue                        build/stm32f1xx_hal_adc_ex.o
HAL_ADCEx_InjectedPollForConversion               build/stm32f1xx_hal_adc_ex.o
HAL_ADCEx_InjectedStart                           build/stm32f1xx_hal_adc_ex.o
HAL_ADCEx_InjectedStart_IT                        build/stm32f1xx_hal_adc_ex.o
HAL_ADCEx_InjectedStop                            build/stm32f1xx_hal_adc_ex.o
HAL_ADCEx_InjectedStop_IT                         build/stm32f1xx_hal_adc_ex.o
HAL_ADCEx_MultiModeConfigChannel                  build/stm32f1xx_hal_adc_ex.o
HAL_ADCEx_MultiModeGetValue                       build/stm32f1xx_hal_adc_ex.o
HAL_ADCEx_MultiModeStart_DMA                      build/stm32f1xx_hal_adc_ex.o
HAL_ADCEx_MultiModeStop_DMA                       build/stm32f1xx_hal_adc_ex.o
HAL_ADC_AnalogWDGConfig                           build/stm32f1xx_hal_adc.o
HAL_ADC_ConfigChannel                             build/stm32f1xx_hal_adc.o
                                                  build/main.o
HAL_ADC_ConvCpltCallback                          build/stm32f1xx_hal_adc.o
HAL_ADC_ConvHalfCpltCallback                      build/stm32f1xx_hal_adc.o
HAL_ADC_DeInit                                    build/stm32f1xx_hal_adc.o
HAL_ADC_ErrorCallback                             build/stm32f1xx_hal_adc.o
HAL_ADC_GetError                                  build/stm32f1xx_hal_adc.o
HAL_ADC_GetState                                  build/stm32f1xx_hal_adc.o
HAL_ADC_GetValue                                  build/stm32f1xx_hal_adc.o
HAL_ADC_IRQHandler                                build/stm32f1xx_hal_adc.o
HAL_ADC_Init                                      build/stm32f1xx_hal_adc.o
                                                  build/main.o
HAL_ADC_LevelOutOfWindowCallback                  build/stm32f1xx_hal_adc.o
HAL_ADC_MspDeInit                                 build/stm32f1xx_hal_msp.o
HAL_ADC_MspInit                                   build/stm32f1xx_hal_msp.o
HAL_ADC_PollForConversion                         build/stm32f1xx_hal_adc.o
HAL_ADC_PollForEvent                              build/stm32f1xx_hal_adc.o
HAL_ADC_Start                                     build/stm32f1xx_hal_adc.o
HAL_ADC_Start_DMA                                 build/stm32f1xx_hal_adc.o
                                                  build/main.o
HAL_ADC_Start_IT                                  build/stm32f1xx_hal_adc.o
HAL_ADC_Stop                                      build/stm32f1xx_hal_adc.o
HAL_ADC_Stop_DMA                                  build/stm32f1xx_hal_adc.o
HAL_ADC_Stop_IT                                   build/stm32f1xx_hal_adc.o
HAL_CAN_AbortTxRequest                            build/stm32f1xx_hal_can.o
HAL_CAN_ActivateNotification                      build/stm32f1xx_hal_can.o
                                                  build/can_setup.o
HAL_CAN_AddTxMessage                              build/stm32f1xx_hal_can.o
                                                  build/can_setup.o
HAL_CAN_ConfigFilter                              build/stm32f1xx_hal_can.o
                                                  build/can_setup.o
HAL_CAN_DeInit                                    build/stm32f1xx_hal_can.o
HAL_CAN_DeactivateNotification                    build/stm32f1xx_hal_can.o
HAL_CAN_ErrorCallback                             build/stm32f1xx_hal_can.o
HAL_CAN_GetError                                  build/stm32f1xx_hal_can.o
HAL_CAN_GetRxFifoFillLevel                        build/stm32f1xx_hal_can.o
HAL_CAN_GetRxMessage                              build/stm32f1xx_hal_can.o
                                                  build/can_setup.o
HAL_CAN_GetState                                  build/stm32f1xx_hal_can.o
HAL_CAN_GetTxMailboxesFreeLevel                   build/stm32f1xx_hal_can.o
HAL_CAN_GetTxTimestamp                            build/stm32f1xx_hal_can.o
HAL_CAN_IRQHandler                                build/stm32f1xx_hal_can.o
                                                  build/stm32f1xx_it.o
HAL_CAN_Init                                      build/stm32f1xx_hal_can.o
                                                  build/main.o
HAL_CAN_IsSleepActive                             build/stm32f1xx_hal_can.o
HAL_CAN_IsTxMessagePending                        build/stm32f1xx_hal_can.o
HAL_CAN_MspDeInit                                 build/stm32f1xx_hal_msp.o
HAL_CAN_MspInit                                   build/stm32f1xx_hal_msp.o
HAL_CAN_RequestSleep                              build/stm32f1xx_hal_can.o
HAL_CAN_ResetError                                build/stm32f1xx_hal_can.o
HAL_CAN_RxFifo0FullCallback                       build/stm32f1xx_hal_can.o
HAL_CAN_RxFifo0MsgPendingCallback                 build/can_setup.o
HAL_CAN_RxFifo1FullCallback                       build/stm32f1xx_hal_can.o
HAL_CAN_RxFifo1MsgPendingCallback                 build/stm32f1xx_hal_can.o
HAL_CAN_SleepCallback                             build/stm32f1xx_hal_can.o
HAL_CAN_Start                                     build/stm32f1xx_hal_can.o
                                                  build/can_setup.o
HAL_CAN_Stop                                      build/stm32f1xx_hal_can.o
HAL_CAN_TxMailbox0AbortCallback                   build/stm32f1xx_hal_can.o
HAL_CAN_TxMailbox0CompleteCallback                build/stm32f1xx_hal_can.o
HAL_CAN_TxMailbox1AbortCallback                   build/stm32f1xx_hal_can.o
HAL_CAN_TxMailbox1CompleteCallback                build/stm32f1xx_hal_can.o
HAL_CAN_TxMailbox2AbortCallback                   build/stm32f1xx_hal_can.o
HAL_CAN_TxMailbox2CompleteCallback                build/stm32f1xx_hal_can.o
HAL_CAN_WakeUp                                    build/stm32f1xx_hal_can.o
HAL_CAN_WakeUpFromRxMsgCallback                   build/stm32f1xx_hal_can.o
HAL_DBGMCU_DisableDBGSleepMode                    build/stm32f1xx_hal.o
HAL_DBGMCU_DisableDBGStandbyMode                  build/stm32f1xx_hal.o
HAL_DBGMCU_DisableDBGStopMode                     build/stm32f1xx_hal.o
HAL_DBGMCU_EnableDBGSleepMode                     build/stm32f1xx_hal.o
HAL_DBGMCU_EnableDBGStandbyMode                   build/stm32f1xx_hal.o
HAL_DBGMCU_EnableDBGStopMode                      build/stm32f1xx_hal.o
HAL_DMA_Abort                                     build/stm32f1xx_hal_dma.o
                                                  build/stm32f1xx_hal_adc_ex.o
                                                  build/stm32f1xx_hal_adc.o
HAL_DMA_Abort_IT                                  build/stm32f1xx_hal_dma.o
                                                  build/stm32f1xx_hal_tim_ex.o
                                                  build/stm32f1xx_hal_tim.o
HAL_DMA_DeInit                                    build/stm32f1xx_hal_dma.o
                                                  build/stm32f1xx_hal_msp.o
HAL_DMA_GetError                                  build/stm32f1xx_hal_dma.o
HAL_DMA_GetState                                  build/stm32f1xx_hal_dma.o
HAL_DMA_IRQHandler                                build/stm32f1xx_hal_dma.o
                                                  build/stm32f1xx_it.o
HAL_DMA_Init                                      build/stm32f1xx_hal_dma.o
                                                  build/stm32f1xx_hal_msp.o
HAL_DMA_PollForTransfer                           build/stm32f1xx_hal_dma.o
HAL_DMA_RegisterCallback                          build/stm32f1xx_hal_dma.o
HAL_DMA_Start                                     build/stm32f1xx_hal_dma.o
HAL_DMA_Start_IT                                  build/stm32f1xx_hal_dma.o
                                                  build/stm32f1xx_hal_tim_ex.o
                                                  build/stm32f1xx_hal_tim.o
                                                  build/stm32f1xx_hal_adc_ex.o
                                                  build/stm32f1xx_hal_adc.o
HAL_DMA_UnRegisterCallback                        build/stm32f1xx_hal_dma.o
HAL_DeInit                                        build/stm32f1xx_hal.o
HAL_Delay                                         build/stm32f1xx_hal.o
                                                  build/can_setup.o
HAL_EXTI_ClearConfigLine                          build/stm32f1xx_hal_exti.o
HAL_EXTI_ClearPending                             build/stm32f1xx_hal_exti.o
HAL_EXTI_GenerateSWI                              build/stm32f1xx_hal_exti.o
HAL_EXTI_GetConfigLine                            build/stm32f1xx_hal_exti.o
HAL_EXTI_GetHandle                                build/stm32f1xx_hal_exti.o
HAL_EXTI_GetPending                               build/stm32f1xx_hal_exti.o
HAL_EXTI_IRQHandler                               build/stm32f1xx_hal_exti.o
HAL_EXTI_RegisterCallback                         build/stm32f1xx_hal_exti.o
HAL_EXTI_SetConfigLine                            build/stm32f1xx_hal_exti.o
HAL_FLASHEx_Erase                                 build/stm32f1xx_hal_flash_ex.o
HAL_FLASHEx_Erase_IT                              build/stm32f1xx_hal_flash_ex.o
HAL_FLASHEx_OBErase                               build/stm32f1xx_hal_flash_ex.o
HAL_FLASHEx_OBGetConfig                           build/stm32f1xx_hal_flash_ex.o
HAL_FLASHEx_OBGetUserData                         build/stm32f1xx_hal_flash_ex.o
HAL_FLASHEx_OBProgram                             build/stm32f1xx_hal_flash_ex.o
HAL_FLASH_EndOfOperationCallback                  build/stm32f1xx_hal_flash.o
HAL_FLASH_GetError                                build/stm32f1xx_hal_flash.o
HAL_FLASH_IRQHandler                              build/stm32f1xx_hal_flash.o
HAL_FLASH_Lock                                    build/stm32f1xx_hal_flash.o
HAL_FLASH_OB_Launch                               build/stm32f1xx_hal_flash.o
HAL_FLASH_OB_Lock                                 build/stm32f1xx_hal_flash.o
HAL_FLASH_OB_Unlock                               build/stm32f1xx_hal_flash.o
HAL_FLASH_OperationErrorCallback                  build/stm32f1xx_hal_flash.o
HAL_FLASH_Program                                 build/stm32f1xx_hal_flash.o
HAL_FLASH_Program_IT                              build/stm32f1xx_hal_flash.o
HAL_FLASH_Unlock                                  build/stm32f1xx_hal_flash.o
HAL_GPIOEx_ConfigEventout                         build/stm32f1xx_hal_gpio_ex.o
HAL_GPIOEx_DisableEventout                        build/stm32f1xx_hal_gpio_ex.o
HAL_GPIOEx_EnableEventout                         build/stm32f1xx_hal_gpio_ex.o
HAL_GPIO_DeInit                                   build/stm32f1xx_hal_gpio.o
                                                  build/stm32f1xx_hal_msp.o
HAL_GPIO_EXTI_Callback                            build/stm32f1xx_hal_gpio.o
HAL_GPIO_EXTI_IRQHandler                          build/stm32f1xx_hal_gpio.o
HAL_GPIO_Init                                     build/stm32f1xx_hal_gpio.o
                                                  build/stm32f1xx_hal_rcc.o
                                                  build/stm32f1xx_hal_msp.o
                                                  build/main.o
HAL_GPIO_LockPin                                  build/stm32f1xx_hal_gpio.o
HAL_GPIO_ReadPin                                  build/stm32f1xx_hal_gpio.o
HAL_GPIO_TogglePin                                build/stm32f1xx_hal_gpio.o
HAL_GPIO_WritePin                                 build/stm32f1xx_hal_gpio.o
                                                  build/window.o
                                                  build/main.o
HAL_GetDEVID                                      build/stm32f1xx_hal.o
HAL_GetHalVersion                                 build/stm32f1xx_hal.o
HAL_GetREVID                                      build/stm32f1xx_hal.o
HAL_GetTick                                       build/stm32f1xx_hal.o
                                                  build/stm32f1xx_hal_rcc_ex.o
                                                  build/stm32f1xx_hal_rcc.o
                                                  build/stm32f1xx_hal_flash.o
                                                  build/stm32f1xx_hal_dma.o
                                                  build/stm32f1xx_hal_can.o
                                                  build/stm32f1xx_hal_adc_ex.o
                                                  build/stm32f1xx_hal_adc.o
HAL_GetTickFreq                                   build/stm32f1xx_hal.o
HAL_GetTickPrio                                   build/stm32f1xx_hal.o
HAL_GetUIDw0                                      build/stm32f1xx_hal.o
HAL_GetUIDw1                                      build/stm32f1xx_hal.o
HAL_GetUIDw2                                      build/stm32f1xx_hal.o
HAL_IncTick                                       build/stm32f1xx_hal.o
                                                  build/stm32f1xx_it.o
HAL_Init                                          build/stm32f1xx_hal.o
                                                  build/main.o
HAL_InitTick                                      build/stm32f1xx_hal.o
                                                  build/stm32f1xx_hal_rcc.o
HAL_MspDeInit                                     build/stm32f1xx_hal.o
HAL_MspInit                                       build/stm32f1xx_hal_msp.o
HAL_NVIC_ClearPendingIRQ                          build/stm32f1xx_hal_cortex.o
HAL_NVIC_DisableIRQ                               build/stm32f1xx_hal_cortex.o
                                                  build/stm32f1xx_hal_msp.o
HAL_NVIC_EnableIRQ                                build/stm32f1xx_hal_cortex.o
                                                  build/stm32f1xx_hal_msp.o
                                                  build/main.o
                                                  build/can_setup.o
HAL_NVIC_GetActive                                build/stm32f1xx_hal_cortex.o
HAL_NVIC_GetPendingIRQ                            build/stm32f1xx_hal_cortex.o
HAL_NVIC_GetPriority                              build/stm32f1xx_hal_cortex.o
HAL_NVIC_GetPriorityGrouping                      build/stm32f1xx_hal_cortex.o
HAL_NVIC_SetPendingIRQ                            build/stm32f1xx_hal_cortex.o
HAL_NVIC_SetPriority                              build/stm32f1xx_hal_cortex.o
                                                  build/stm32f1xx_hal.o
                                                  build/stm32f1xx_hal_msp.o
                                                  build/main.o
                                                  build/can_setup.o
HAL_NVIC_SetPriorityGrouping                      build/stm32f1xx_hal_cortex.o
                                                  build/stm32f1xx_hal.o
HAL_NVIC_SystemReset                              build/stm32f1xx_hal_cortex.o
                                                  build/stm32f1xx_hal_flash.o
HAL_PWR_ConfigPVD                                 build/stm32f1xx_hal_pwr.o
HAL_PWR_DeInit                                    build/stm32f1xx_hal_pwr.o
HAL_PWR_DisableBkUpAccess                         build/stm32f1xx_hal_pwr.o
HAL_PWR_DisablePVD                                build/stm32f1xx_hal_pwr.o
HAL_PWR_DisableSEVOnPend                          build/stm32f1xx_hal_pwr.o
HAL_PWR_DisableSleepOnExit                        build/stm32f1xx_hal_pwr.o
HAL_PWR_DisableWakeUpPin                          build/stm32f1xx_hal_pwr.o
HAL_PWR_EnableBkUpAccess                          build/stm32f1xx_hal_pwr.o
HAL_PWR_EnablePVD                                 build/stm32f1xx_hal_pwr.o
HAL_PWR_EnableSEVOnPend                           build/stm32f1xx_hal_pwr.o
HAL_PWR_EnableSleepOnExit                         build/stm32f1xx_hal_pwr.o
HAL_PWR_EnableWakeUpPin                           build/stm32f1xx_hal_pwr.o
HAL_PWR_EnterSLEEPMode                            build/stm32f1xx_hal_pwr.o
HAL_PWR_EnterSTANDBYMode                          build/stm32f1xx_hal_pwr.o
HAL_PWR_EnterSTOPMode                             build/stm32f1xx_hal_pwr.o
HAL_PWR_PVDCallback                               build/stm32f1xx_hal_pwr.o
HAL_PWR_PVD_IRQHandler                            build/stm32f1xx_hal_pwr.o
HAL_RCCEx_GetPeriphCLKConfig                      build/stm32f1xx_hal_rcc_ex.o
HAL_RCCEx_GetPeriphCLKFreq                        build/stm32f1xx_hal_rcc_ex.o
                                                  build/stm32f1xx_hal_adc_ex.o
                                                  build/stm32f1xx_hal_adc.o
HAL_RCCEx_PeriphCLKConfig                         build/stm32f1xx_hal_rcc_ex.o
                                                  build/main.o
HAL_RCC_CSSCallback                               build/stm32f1xx_hal_rcc.o
HAL_RCC_ClockConfig                               build/stm32f1xx_hal_rcc.o
                                                  build/main.o
HAL_RCC_DeInit                                    build/stm32f1xx_hal_rcc.o
HAL_RCC_DisableCSS                                build/stm32f1xx_hal_rcc.o
HAL_RCC_EnableCSS                                 build/stm32f1xx_hal_rcc.o
HAL_RCC_GetClockConfig                            build/stm32f1xx_hal_rcc.o
HAL_RCC_GetHCLKFreq                               build/stm32f1xx_hal_rcc.o
HAL_RCC_GetOscConfig                              build/stm32f1xx_hal_rcc.o
HAL_RCC_GetPCLK1Freq                              build/stm32f1xx_hal_rcc.o
HAL_RCC_GetPCLK2Freq                              build/stm32f1xx_hal_rcc.o
                                                  build/stm32f1xx_hal_rcc_ex.o
HAL_RCC_GetSysClockFreq                           build/stm32f1xx_hal_rcc.o
HAL_RCC_MCOConfig                                 build/stm32f1xx_hal_rcc.o
HAL_RCC_NMI_IRQHandler                            build/stm32f1xx_hal_rcc.o
HAL_RCC_OscConfig                                 build/stm32f1xx_hal_rcc.o
                                                  build/main.o
HAL_ResumeTick                                    build/stm32f1xx_hal.o
HAL_SYSTICK_CLKSourceConfig                       build/stm32f1xx_hal_cortex.o
HAL_SYSTICK_Callback                              build/stm32f1xx_hal_cortex.o
HAL_SYSTICK_Config                                build/stm32f1xx_hal_cortex.o
                                                  build/stm32f1xx_hal.o
HAL_SYSTICK_IRQHandler                            build/stm32f1xx_hal_cortex.o
HAL_SetTickFreq                                   build/stm32f1xx_hal.o
HAL_SuspendTick                                   build/stm32f1xx_hal.o
HAL_TIMEx_BreakCallback                           build/stm32f1xx_hal_tim_ex.o
                                                  build/stm32f1xx_hal_tim.o
HAL_TIMEx_CommutCallback                          build/stm32f1xx_hal_tim_ex.o
                                                  build/stm32f1xx_hal_tim.o
HAL_TIMEx_CommutHalfCpltCallback                  build/stm32f1xx_hal_tim_ex.o
HAL_TIMEx_ConfigBreakDeadTime                     build/stm32f1xx_hal_tim_ex.o
HAL_TIMEx_ConfigCommutEvent                       build/stm32f1xx_hal_tim_ex.o
HAL_TIMEx_ConfigCommutEvent_DMA                   build/stm32f1xx_hal_tim_ex.o
HAL_TIMEx_ConfigCommutEvent_IT                    build/stm32f1xx_hal_tim_ex.o
HAL_TIMEx_GetChannelNState                        build/stm32f1xx_hal_tim_ex.o
HAL_TIMEx_HallSensor_DeInit                       build/stm32f1xx_hal_tim_ex.o
HAL_TIMEx_HallSensor_GetState                     build/stm32f1xx_hal_tim_ex.o
HAL_TIMEx_HallSensor_Init                         build/stm32f1xx_hal_tim_ex.o
HAL_TIMEx_HallSensor_MspDeInit                    build/stm32f1xx_hal_tim_ex.o
HAL_TIMEx_HallSensor_MspInit                      build/stm32f1xx_hal_tim_ex.o
HAL_TIMEx_HallSensor_Start                        build/stm32f1xx_hal_tim_ex.o
HAL_TIMEx_HallSensor_Start_DMA                    build/stm32f1xx_hal_tim_ex.o
HAL_TIMEx_HallSensor_Start_IT                     build/stm32f1xx_hal_tim_ex.o
HAL_TIMEx_HallSensor_Stop                         build/stm32f1xx_hal_tim_ex.o
HAL_TIMEx_HallSensor_Stop_DMA                     build/stm32f1xx_hal_tim_ex.o
HAL_TIMEx_HallSensor_Stop_IT                      build/stm32f1xx_hal_tim_ex.o
HAL_TIMEx_MasterConfigSynchronization             build/stm32f1xx_hal_tim_ex.o
                                                  build/main.o
HAL_TIMEx_OCN_Start                               build/stm32f1xx_hal_tim_ex.o
HAL_TIMEx_OCN_Start_DMA                           build/stm32f1xx_hal_tim_ex.o
HAL_TIMEx_OCN_Start_IT                            build/stm32f1xx_hal_tim_ex.o
HAL_TIMEx_OCN_Stop                                build/stm32f1xx_hal_tim_ex.o
HAL_TIMEx_OCN_Stop_DMA                            build/stm32f1xx_hal_tim_ex.o
HAL_TIMEx_OCN_Stop_IT                             build/stm32f1xx_hal_tim_ex.o
HAL_TIMEx_OnePulseN_Start                         build/stm32f1xx_hal_tim_ex.o
HAL_TIMEx_OnePulseN_Start_IT                      build/stm32f1xx_hal_tim_ex.o
HAL_TIMEx_OnePulseN_Stop                          build/stm32f1xx_hal_tim_ex.o
HAL_TIMEx_OnePulseN_Stop_IT                       build/stm32f1xx_hal_tim_ex.o
HAL_TIMEx_PWMN_Start                              build/stm32f1xx_hal_tim_ex.o
HAL_TIMEx_PWMN_Start_DMA                          build/stm32f1xx_hal_tim_ex.o
HAL_TIMEx_PWMN_Start_IT                           build/stm32f1xx_hal_tim_ex.o
HAL_TIMEx_PWMN_Stop                               build/stm32f1xx_hal_tim_ex.o
HAL_TIMEx_PWMN_Stop_DMA                           build/stm32f1xx_hal_tim_ex.o
HAL_TIMEx_PWMN_Stop_IT                            build/stm32f1xx_hal_tim_ex.o
HAL_TIMEx_RemapConfig                             build/stm32f1xx_hal_tim_ex.o
HAL_TIM_Base_DeInit                               build/stm32f1xx_hal_tim.o
HAL_TIM_Base_GetState                             build/stm32f1xx_hal_tim.o
HAL_TIM_Base_Init                                 build/stm32f1xx_hal_tim.o
                                                  build/main.o
HAL_TIM_Base_MspDeInit                            build/stm32f1xx_hal_msp.o
HAL_TIM_Base_MspInit                              build/stm32f1xx_hal_msp.o
HAL_TIM_Base_Start                                build/stm32f1xx_hal_tim.o
HAL_TIM_Base_Start_DMA                            build/stm32f1xx_hal_tim.o
HAL_TIM_Base_Start_IT                             build/stm32f1xx_hal_tim.o
HAL_TIM_Base_Stop                                 build/stm32f1xx_hal_tim.o
HAL_TIM_Base_Stop_DMA                             build/stm32f1xx_hal_tim.o
HAL_TIM_Base_Stop_IT                              build/stm32f1xx_hal_tim.o
HAL_TIM_ConfigClockSource                         build/stm32f1xx_hal_tim.o
HAL_TIM_ConfigOCrefClear                          build/stm32f1xx_hal_tim.o
HAL_TIM_ConfigTI1Input                            build/stm32f1xx_hal_tim.o
HAL_TIM_DMABurstState                             build/stm32f1xx_hal_tim.o
HAL_TIM_DMABurst_MultiReadStart                   build/stm32f1xx_hal_tim.o
HAL_TIM_DMABurst_MultiWriteStart                  build/stm32f1xx_hal_tim.o
HAL_TIM_DMABurst_ReadStart                        build/stm32f1xx_hal_tim.o
HAL_TIM_DMABurst_ReadStop                         build/stm32f1xx_hal_tim.o
HAL_TIM_DMABurst_WriteStart                       build/stm32f1xx_hal_tim.o
HAL_TIM_DMABurst_WriteStop                        build/stm32f1xx_hal_tim.o
HAL_TIM_Encoder_DeInit                            build/stm32f1xx_hal_tim.o
HAL_TIM_Encoder_GetState                          build/stm32f1xx_hal_tim.o
HAL_TIM_Encoder_Init                              build/stm32f1xx_hal_tim.o
HAL_TIM_Encoder_MspDeInit                         build/stm32f1xx_hal_tim.o
HAL_TIM_Encoder_MspInit                           build/stm32f1xx_hal_tim.o
HAL_TIM_Encoder_Start                             build/stm32f1xx_hal_tim.o
HAL_TIM_Encoder_Start_DMA                         build/stm32f1xx_hal_tim.o
HAL_TIM_Encoder_Start_IT                          build/stm32f1xx_hal_tim.o
HAL_TIM_Encoder_Stop                              build/stm32f1xx_hal_tim.o
HAL_TIM_Encoder_Stop_DMA                          build/stm32f1xx_hal_tim.o
HAL_TIM_Encoder_Stop_IT                           build/stm32f1xx_hal_tim.o
HAL_TIM_ErrorCallback                             build/stm32f1xx_hal_tim.o
                                                  build/stm32f1xx_hal_tim_ex.o
HAL_TIM_GenerateEvent                             build/stm32f1xx_hal_tim.o
HAL_TIM_GetActiveChannel                          build/stm32f1xx_hal_tim.o
HAL_TIM_GetChannelState                           build/stm32f1xx_hal_tim.o
HAL_TIM_IC_CaptureCallback                        build/stm32f1xx_hal_tim.o
HAL_TIM_IC_CaptureHalfCpltCallback                build/stm32f1xx_hal_tim.o
HAL_TIM_IC_ConfigChannel                          build/stm32f1xx_hal_tim.o
HAL_TIM_IC_DeInit                                 build/stm32f1xx_hal_tim.o
HAL_TIM_IC_GetState                               build/stm32f1xx_hal_tim.o
HAL_TIM_IC_Init                                   build/stm32f1xx_hal_tim.o
HAL_TIM_IC_MspDeInit                              build/stm32f1xx_hal_tim.o
HAL_TIM_IC_MspInit                                build/stm32f1xx_hal_tim.o
HAL_TIM_IC_Start                                  build/stm32f1xx_hal_tim.o
HAL_TIM_IC_Start_DMA                              build/stm32f1xx_hal_tim.o
HAL_TIM_IC_Start_IT                               build/stm32f1xx_hal_tim.o
HAL_TIM_IC_Stop                                   build/stm32f1xx_hal_tim.o
HAL_TIM_IC_Stop_DMA                               build/stm32f1xx_hal_tim.o
HAL_TIM_IC_Stop_IT                                build/stm32f1xx_hal_tim.o
HAL_TIM_IRQHandler                                build/stm32f1xx_hal_tim.o
                                                  build/stm32f1xx_it.o
HAL_TIM_OC_ConfigChannel                          build/stm32f1xx_hal_tim.o
HAL_TIM_OC_DeInit                                 build/stm32f1xx_hal_tim.o
HAL_TIM_OC_DelayElapsedCallback                   build/stm32f1xx_hal_tim.o
HAL_TIM_OC_GetState                               build/stm32f1xx_hal_tim.o
HAL_TIM_OC_Init                                   build/stm32f1xx_hal_tim.o
HAL_TIM_OC_MspDeInit                              build/stm32f1xx_hal_tim.o
HAL_TIM_OC_MspInit                                build/stm32f1xx_hal_tim.o
HAL_TIM_OC_Start                                  build/stm32f1xx_hal_tim.o
HAL_TIM_OC_Start_DMA                              build/stm32f1xx_hal_tim.o
HAL_TIM_OC_Start_IT                               build/stm32f1xx_hal_tim.o
HAL_TIM_OC_Stop                                   build/stm32f1xx_hal_tim.o
HAL_TIM_OC_Stop_DMA                               build/stm32f1xx_hal_tim.o
HAL_TIM_OC_Stop_IT                                build/stm32f1xx_hal_tim.o
HAL_TIM_OnePulse_ConfigChannel                    build/stm32f1xx_hal_tim.o
HAL_TIM_OnePulse_DeInit                           build/stm32f1xx_hal_tim.o
HAL_TIM_OnePulse_GetState                         build/stm32f1xx_hal_tim.o
HAL_TIM_OnePulse_Init                             build/stm32f1xx_hal_tim.o
HAL_TIM_OnePulse_MspDeInit                        build/stm32f1xx_hal_tim.o
HAL_TIM_OnePulse_MspInit                          build/stm32f1xx_hal_tim.o
HAL_TIM_OnePulse_Start                            build/stm32f1xx_hal_tim.o
HAL_TIM_OnePulse_Start_IT                         build/stm32f1xx_hal_tim.o
HAL_TIM_OnePulse_Stop                             build/stm32f1xx_hal_tim.o
HAL_TIM_OnePulse_Stop_IT                          build/stm32f1xx_hal_tim.o
HAL_TIM_PWM_ConfigChannel                         build/stm32f1xx_hal_tim.o
HAL_TIM_PWM_DeInit                                build/stm32f1xx_hal_tim.o
HAL_TIM_PWM_GetState                              build/stm32f1xx_hal_tim.o
HAL_TIM_PWM_Init                                  build/stm32f1xx_hal_tim.o
HAL_TIM_PWM_MspDeInit                             build/stm32f1xx_hal_tim.o
HAL_TIM_PWM_MspInit                               build/stm32f1xx_hal_tim.o
HAL_TIM_PWM_PulseFinishedCallback                 build/stm32f1xx_hal_tim.o
                                                  build/stm32f1xx_hal_tim_ex.o
HAL_TIM_PWM_PulseFinishedHalfCpltCallback         build/stm32f1xx_hal_tim.o
HAL_TIM_PWM_Start                                 build/stm32f1xx_hal_tim.o
HAL_TIM_PWM_Start_DMA                             build/stm32f1xx_hal_tim.o
HAL_TIM_PWM_Start_IT                              build/stm32f1xx_hal_tim.o
HAL_TIM_PWM_Stop                                  build/stm32f1xx_hal_tim.o
HAL_TIM_PWM_Stop_DMA                              build/stm32f1xx_hal_tim.o
HAL_TIM_PWM_Stop_IT                               build/stm32f1xx_hal_tim.o
HAL_TIM_PeriodElapsedCallback                     build/stm32f1xx_hal_tim.o
HAL_TIM_PeriodElapsedHalfCpltCallback             build/stm32f1xx_hal_tim.o
HAL_TIM_ReadCapturedValue                         build/stm32f1xx_hal_tim.o
HAL_TIM_SlaveConfigSynchro                        build/stm32f1xx_hal_tim.o
                                                  build/main.o
HAL_TIM_SlaveConfigSynchro_IT                     build/stm32f1xx_hal_tim.o
HAL_TIM_TriggerCallback                           build/stm32f1xx_hal_tim.o
HAL_TIM_TriggerHalfCpltCallback                   build/stm32f1xx_hal_tim.o
HardFault_Handler                                 build/stm32f1xx_it.o
I2C1_ER_IRQHandler                                build/startup_stm32f103xb.o
I2C1_EV_IRQHandler                                build/startup_stm32f103xb.o
I2C2_ER_IRQHandler                                build/startup_stm32f103xb.o
I2C2_EV_IRQHandler                                build/startup_stm32f103xb.o
MemManage_Handler                                 build/stm32f1xx_it.o
NMI_Handler                                       build/stm32f1xx_it.o
PVD_IRQHandler                                    build/startup_stm32f103xb.o
PendSV_Handler                                    build/stm32f1xx_it.o
RCC_IRQHandler                                    build/startup_stm32f103xb.o
RTC_Alarm_IRQHandler                              build/startup_stm32f103xb.o
RTC_IRQHandler                                    build/startup_stm32f103xb.o
Reset_Handler                                     build/startup_stm32f103xb.o
SPI1_IRQHandler                                   build/startup_stm32f103xb.o
SPI2_IRQHandler                                   build/startup_stm32f103xb.o
SVC_Handler                                       build/stm32f1xx_it.o
SysTick_Handler                                   build/stm32f1xx_it.o
SystemClock_Config                                build/main.o
SystemCoreClock                                   build/system_stm32f1xx.o
                                                  build/stm32f1xx_hal_rcc.o
                                                  build/stm32f1xx_hal_adc_ex.o
                                                  build/stm32f1xx_hal_adc.o
                                                  build/stm32f1xx_hal.o
SystemCoreClockUpdate                             build/system_stm32f1xx.o
SystemInit                                        build/system_stm32f1xx.o
                                                  build/startup_stm32f103xb.o
TAMPER_IRQHandler                                 build/startup_stm32f103xb.o
TIM1_BRK_IRQHandler                               build/startup_stm32f103xb.o
TIM1_CC_IRQHandler                                build/startup_stm32f103xb.o
TIM1_TRG_COM_IRQHandler                           build/startup_stm32f103xb.o
TIM1_UP_IRQHandler                                build/startup_stm32f103xb.o
TIM2_IRQHandler                                   build/startup_stm32f103xb.o
TIM3_IRQHandler                                   build/startup_stm32f103xb.o
TIM4_IRQHandler                                   build/stm32f1xx_it.o
TIMEx_DMACommutationCplt                          build/stm32f1xx_hal_tim_ex.o
                                                  build/stm32f1xx_hal_tim.o
TIMEx_DMACommutationHalfCplt                      build/stm32f1xx_hal_tim_ex.o
                                                  build/stm32f1xx_hal_tim.o
TIM_Base_SetConfig                                build/stm32f1xx_hal_tim.o
                                                  build/stm32f1xx_hal_tim_ex.o
TIM_CCxChannelCmd                                 build/stm32f1xx_hal_tim.o
                                                  build/stm32f1xx_hal_tim_ex.o
TIM_DMACaptureCplt                                build/stm32f1xx_hal_tim.o
                                                  build/stm32f1xx_hal_tim_ex.o
TIM_DMACaptureHalfCplt                            build/stm32f1xx_hal_tim.o
                                                  build/stm32f1xx_hal_tim_ex.o
TIM_DMADelayPulseHalfCplt                         build/stm32f1xx_hal_tim.o
                                                  build/stm32f1xx_hal_tim_ex.o
TIM_DMAError                                      build/stm32f1xx_hal_tim.o
                                                  build/stm32f1xx_hal_tim_ex.o
TIM_ETR_SetConfig                                 build/stm32f1xx_hal_tim.o
TIM_OC2_SetConfig                                 build/stm32f1xx_hal_tim.o
                                                  build/stm32f1xx_hal_tim_ex.o
TIM_TI1_SetConfig                                 build/stm32f1xx_hal_tim.o
                                                  build/stm32f1xx_hal_tim_ex.o
USART1_IRQHandler                                 build/startup_stm32f103xb.o
USART2_IRQHandler                                 build/startup_stm32f103xb.o
USART3_IRQHandler                                 build/startup_stm32f103xb.o
USBWakeUp_IRQHandler                              build/startup_stm32f103xb.o
USB_HP_CAN1_TX_IRQHandler                         build/startup_stm32f103xb.o
USB_LP_CAN1_RX0_IRQHandler                        build/stm32f1xx_it.o
UsageFault_Handler                                build/stm32f1xx_it.o
WWDG_IRQHandler                                   build/startup_stm32f103xb.o
_ITM_deregisterTMCloneTable                       /usr/lib/gcc/arm-none-eabi/6.3.1/thumb/v7-m/crtbegin.o
_ITM_registerTMCloneTable                         /usr/lib/gcc/arm-none-eabi/6.3.1/thumb/v7-m/crtbegin.o
_Jv_RegisterClasses                               /usr/lib/gcc/arm-none-eabi/6.3.1/thumb/v7-m/crtbegin.o
__TMC_END__                                       /usr/lib/gcc/arm-none-eabi/6.3.1/thumb/v7-m/crtend.o
                                                  /usr/lib/gcc/arm-none-eabi/6.3.1/thumb/v7-m/crtbegin.o
__bss_end__                                       /usr/lib/gcc/arm-none-eabi/6.3.1/../../../arm-none-eabi/lib/thumb/v7-m/crt0.o
__bss_start__                                     /usr/lib/gcc/arm-none-eabi/6.3.1/../../../arm-none-eabi/lib/thumb/v7-m/crt0.o
__call_exitprocs                                  /usr/lib/gcc/arm-none-eabi/6.3.1/../../../arm-none-eabi/lib/thumb/v7-m/libc.a(lib_a-__call_atexit.o)
                                                  /usr/lib/gcc/arm-none-eabi/6.3.1/../../../arm-none-eabi/lib/thumb/v7-m/libc.a(lib_a-exit.o)
__deregister_frame_info                           /usr/lib/gcc/arm-none-eabi/6.3.1/thumb/v7-m/crtbegin.o
__dso_handle                                      /usr/lib/gcc/arm-none-eabi/6.3.1/thumb/v7-m/crtbegin.o
__fini_array_end                                  /usr/lib/gcc/arm-none-eabi/6.3.1/../../../arm-none-eabi/lib/thumb/v7-m/libc.a(lib_a-fini.o)
__fini_array_start                                /usr/lib/gcc/arm-none-eabi/6.3.1/../../../arm-none-eabi/lib/thumb/v7-m/libc.a(lib_a-fini.o)